ARM Linker, 5.03 [Build 24] [MDK-ARM Standard]

==============================================================================

Section Cross References

    tn.o(.text) refers to tn_port_cm3_armcc.o(.text) for tn_cpu_save_sr
    tn.o(.text) refers to main.o(.text) for tn_app_init
    tn.o(.text) refers to tn_user.o(.text) for tn_cpu_int_enable
    tn.o(.text) refers to tn_utils.o(.text) for queue_remove_entry
    tn.o(.text) refers to tn_tasks.o(.text) for task_wait_complete
    tn.o(.text) refers to tn.o(.data) for tn_idle_count
    tn.o(.text) refers to tn.o(.bss) for tn_ready_list
    tn_dqueue.o(.text) refers to tn_utils.o(.text) for queue_reset
    tn_dqueue.o(.text) refers to tn_user.o(.text) for tn_inside_int
    tn_dqueue.o(.text) refers to tn_port_cm3_armcc.o(.text) for tn_cpu_save_sr
    tn_dqueue.o(.text) refers to tn_tasks.o(.text) for task_wait_complete
    tn_dqueue.o(.text) refers to tn.o(.data) for tn_curr_run_task
    tn_event.o(.text) refers to tn_utils.o(.text) for queue_reset
    tn_event.o(.text) refers to tn_user.o(.text) for tn_inside_int
    tn_event.o(.text) refers to tn_port_cm3_armcc.o(.text) for tn_cpu_save_sr
    tn_event.o(.text) refers to tn_tasks.o(.text) for task_wait_complete
    tn_event.o(.text) refers to tn.o(.data) for tn_curr_run_task
    tn_mem.o(.text) refers to tn_utils.o(.text) for queue_reset
    tn_mem.o(.text) refers to tn_user.o(.text) for tn_inside_int
    tn_mem.o(.text) refers to tn_port_cm3_armcc.o(.text) for tn_cpu_save_sr
    tn_mem.o(.text) refers to tn_tasks.o(.text) for task_wait_complete
    tn_mem.o(.text) refers to tn.o(.data) for tn_curr_run_task
    tn_mutex.o(.text) refers to tn_utils.o(.text) for queue_reset
    tn_mutex.o(.text) refers to tn_tasks.o(.text) for change_running_task_priority
    tn_mutex.o(.text) refers to tn_user.o(.text) for tn_inside_int
    tn_mutex.o(.text) refers to tn_port_cm3_armcc.o(.text) for tn_cpu_restore_sr
    tn_mutex.o(.text) refers to tn.o(.data) for tn_curr_run_task
    tn_sem.o(.text) refers to tn_user.o(.text) for tn_inside_int
    tn_sem.o(.text) refers to tn_utils.o(.text) for queue_reset
    tn_sem.o(.text) refers to tn_port_cm3_armcc.o(.text) for tn_cpu_save_sr
    tn_sem.o(.text) refers to tn_tasks.o(.text) for task_wait_complete
    tn_sem.o(.text) refers to tn.o(.data) for tn_curr_run_task
    tn_tasks.o(.text) refers to tn_utils.o(.text) for queue_add_tail
    tn_tasks.o(.text) refers to tn_user.o(.text) for tn_inside_int
    tn_tasks.o(.text) refers to tn_port_cm3_armcc.o(.text) for tn_cpu_save_sr
    tn_tasks.o(.text) refers to tn_port_cm3.o(.text) for tn_stack_init
    tn_tasks.o(.text) refers to tn.o(.bss) for tn_ready_list
    tn_tasks.o(.text) refers to tn.o(.data) for tn_ready_to_run_bmp
    tn_tasks.o(.text) refers to tn_mutex.o(.text) for find_max_blocked_priority
    tn_port_cm3.o(.text) refers to tn_tasks.o(.text) for tn_task_exit
    tn_port_cm3_armcc.o(.text) refers to tn.o(.data) for tn_system_state
    stm32f2xx_gpio.o(.text) refers to stm32f2xx_rcc.o(.text) for RCC_AHB1PeriphResetCmd
    stm32f2xx_rcc.o(.text) refers to stm32f2xx_rcc.o(.data) for APBAHBPrescTable
    stm32f2xx_syscfg.o(.text) refers to stm32f2xx_rcc.o(.text) for RCC_APB2PeriphResetCmd
    stm32f2xx_tim.o(.text) refers to stm32f2xx_rcc.o(.text) for RCC_APB2PeriphResetCmd
    stm32f2xx_usart.o(.text) refers to stm32f2xx_rcc.o(.text) for RCC_APB2PeriphResetCmd
    stm32f2xx_adc.o(.text) refers to stm32f2xx_rcc.o(.text) for RCC_APB2PeriphResetCmd
    stm32f2xx_dac.o(.text) refers to stm32f2xx_rcc.o(.text) for RCC_APB1PeriphResetCmd
    stm32f2xx_i2c.o(.text) refers to stm32f2xx_rcc.o(.text) for RCC_APB1PeriphResetCmd
    stm32f2xx_pwr.o(.text) refers to stm32f2xx_rcc.o(.text) for RCC_APB1PeriphResetCmd
    stm32f2xx_spi.o(.text) refers to stm32f2xx_rcc.o(.text) for RCC_APB2PeriphResetCmd
    system_stm32f2xx.o(.text) refers to system_stm32f2xx.o(.data) for SystemCoreClock
    startup_stm32f2xx.o(STACK) refers (Special) to heapauxi.o(.text) for __use_two_region_memory
    startup_stm32f2xx.o(HEAP) refers (Special) to heapauxi.o(.text) for __use_two_region_memory
    startup_stm32f2xx.o(RESET) refers (Special) to heapauxi.o(.text) for __use_two_region_memory
    startup_stm32f2xx.o(RESET) refers to startup_stm32f2xx.o(STACK) for __initial_sp
    startup_stm32f2xx.o(RESET) refers to startup_stm32f2xx.o(.text) for Reset_Handler
    startup_stm32f2xx.o(RESET) refers to tn_port_cm3_armcc.o(.text) for PendSV_Handler
    startup_stm32f2xx.o(RESET) refers to tn_user.o(.text) for SysTick_Handler
    startup_stm32f2xx.o(RESET) refers to beeper.o(.text) for TIM1_BRK_TIM9_IRQHandler
    startup_stm32f2xx.o(.text) refers (Special) to heapauxi.o(.text) for __use_two_region_memory
    startup_stm32f2xx.o(.text) refers to system_stm32f2xx.o(.text) for SystemInit
    startup_stm32f2xx.o(.text) refers to __main.o(!!!main) for __main
    startup_stm32f2xx.o(.text) refers to startup_stm32f2xx.o(HEAP) for Heap_Mem
[...]
    RCC_AHB1PeriphResetCmd                   0x08002ab3   Thumb Code    34  stm32f2xx_rcc.o(.text)
    RCC_AHB2PeriphResetCmd                   0x08002ad5   Thumb Code    72  stm32f2xx_rcc.o(.text)
    RCC_AHB3PeriphResetCmd                   0x08002b1d   Thumb Code    34  stm32f2xx_rcc.o(.text)
    RCC_APB1PeriphResetCmd                   0x08002b3f   Thumb Code    34  stm32f2xx_rcc.o(.text)
    RCC_APB2PeriphResetCmd                   0x08002b61   Thumb Code    34  stm32f2xx_rcc.o(.text)
    RCC_AHB1PeriphClockLPModeCmd             0x08002b83   Thumb Code    34  stm32f2xx_rcc.o(.text)
    RCC_AHB2PeriphClockLPModeCmd             0x08002ba5   Thumb Code    34  stm32f2xx_rcc.o(.text)
    RCC_AHB3PeriphClockLPModeCmd             0x08002bc7   Thumb Code    34  stm32f2xx_rcc.o(.text)
    RCC_APB1PeriphClockLPModeCmd             0x08002be9   Thumb Code    34  stm32f2xx_rcc.o(.text)
    RCC_APB2PeriphClockLPModeCmd             0x08002c0b   Thumb Code    34  stm32f2xx_rcc.o(.text)
    RCC_ITConfig                             0x08002c2d   Thumb Code    34  stm32f2xx_rcc.o(.text)
    RCC_ClearFlag                            0x08002c4f   Thumb Code    18  stm32f2xx_rcc.o(.text)
    RCC_GetITStatus                          0x08002c61   Thumb Code    22  stm32f2xx_rcc.o(.text)
    RCC_ClearITPendingBit                    0x08002c77   Thumb Code     8  stm32f2xx_rcc.o(.text)
    TIM_DeInit                               0x08002c85   Thumb Code   346  stm32f2xx_tim.o(.text)
    TIM_TimeBaseInit                         0x08002ddf   Thumb Code   104  stm32f2xx_tim.o(.text)
    TIM_TimeBaseStructInit                   0x08002e47   Thumb Code    18  stm32f2xx_tim.o(.text)
    TIM_PrescalerConfig                      0x08002e59   Thumb Code     6  stm32f2xx_tim.o(.text)
    TIM_CounterModeConfig                    0x08002e5f   Thumb Code    18  stm32f2xx_tim.o(.text)
    TIM_SetCounter                           0x08002e71   Thumb Code     4  stm32f2xx_tim.o(.text)
    TIM_SetAutoreload                        0x08002e75   Thumb Code     4  stm32f2xx_tim.o(.text)
    TIM_GetCounter                           0x08002e79   Thumb Code     6  stm32f2xx_tim.o(.text)
    TIM_GetPrescaler                         0x08002e7f   Thumb Code     6  stm32f2xx_tim.o(.text)
    TIM_UpdateDisableConfig                  0x08002e85   Thumb Code    24  stm32f2xx_tim.o(.text)
    TIM_UpdateRequestConfig                  0x08002e9d   Thumb Code    24  stm32f2xx_tim.o(.text)
    TIM_ARRPreloadConfig                     0x08002eb5   Thumb Code    24  stm32f2xx_tim.o(.text)
    TIM_SelectOnePulseMode                   0x08002ecd   Thumb Code    18  stm32f2xx_tim.o(.text)
    TIM_SetClockDivision                     0x08002edf   Thumb Code    18  stm32f2xx_tim.o(.text)
    TIM_Cmd                                  0x08002ef1   Thumb Code    24  stm32f2xx_tim.o(.text)
    TIM_OC1Init                              0x08002f09   Thumb Code   114  stm32f2xx_tim.o(.text)
    TIM_OC2Init                              0x08002f7b   Thumb Code   154  stm32f2xx_tim.o(.text)
    TIM_OC3Init                              0x08003015   Thumb Code   204  stm32f2xx_tim.o(.text)
    TIM_OC4Init                              0x080030e1   Thumb Code   112  stm32f2xx_tim.o(.text)
    TIM_OCStructInit                         0x08003151   Thumb Code    20  stm32f2xx_tim.o(.text)
    TIM_SelectOCxM                           0x08003165   Thumb Code    86  stm32f2xx_tim.o(.text)
    TIM_SetCompare1                          0x080031bb   Thumb Code     4  stm32f2xx_tim.o(.text)
    TIM_SetCompare2                          0x080031bf   Thumb Code     4  stm32f2xx_tim.o(.text)
    TIM_SetCompare3                          0x080031c3   Thumb Code     4  stm32f2xx_tim.o(.text)
    TIM_SetCompare4                          0x080031c7   Thumb Code     4  stm32f2xx_tim.o(.text)
    TIM_ForcedOC1Config                      0x080031cb   Thumb Code    18  stm32f2xx_tim.o(.text)
    TIM_ForcedOC2Config                      0x080031dd   Thumb Code    26  stm32f2xx_tim.o(.text)
    TIM_ForcedOC3Config                      0x080031f7   Thumb Code    18  stm32f2xx_tim.o(.text)
    TIM_ForcedOC4Config                      0x08003209   Thumb Code    26  stm32f2xx_tim.o(.text)
    TIM_OC1PreloadConfig                     0x08003223   Thumb Code    18  stm32f2xx_tim.o(.text)
    TIM_OC2PreloadConfig                     0x08003235   Thumb Code    26  stm32f2xx_tim.o(.text)
    TIM_OC3PreloadConfig                     0x0800324f   Thumb Code    18  stm32f2xx_tim.o(.text)
    TIM_OC4PreloadConfig                     0x08003261   Thumb Code    26  stm32f2xx_tim.o(.text)
    TIM_OC1FastConfig                        0x0800327b   Thumb Code    18  stm32f2xx_tim.o(.text)
    TIM_OC2FastConfig                        0x0800328d   Thumb Code    26  stm32f2xx_tim.o(.text)
    TIM_OC3FastConfig                        0x080032a7   Thumb Code    18  stm32f2xx_tim.o(.text)
    TIM_OC4FastConfig                        0x080032b9   Thumb Code    26  stm32f2xx_tim.o(.text)
    TIM_ClearOC1Ref                          0x080032d3   Thumb Code    18  stm32f2xx_tim.o(.text)
    TIM_ClearOC2Ref                          0x080032e5   Thumb Code    24  stm32f2xx_tim.o(.text)
    TIM_ClearOC3Ref                          0x080032fd   Thumb Code    18  stm32f2xx_tim.o(.text)
    TIM_ClearOC4Ref                          0x0800330f   Thumb Code    24  stm32f2xx_tim.o(.text)
    TIM_OC1PolarityConfig                    0x08003327   Thumb Code    18  stm32f2xx_tim.o(.text)
    TIM_OC1NPolarityConfig                   0x08003339   Thumb Code    18  stm32f2xx_tim.o(.text)
    TIM_OC2PolarityConfig                    0x0800334b   Thumb Code    26  stm32f2xx_tim.o(.text)
    TIM_OC2NPolarityConfig                   0x08003365   Thumb Code    26  stm32f2xx_tim.o(.text)
    TIM_OC3PolarityConfig                    0x0800337f   Thumb Code    26  stm32f2xx_tim.o(.text)
    TIM_OC3NPolarityConfig                   0x08003399   Thumb Code    26  stm32f2xx_tim.o(.text)
    TIM_OC4PolarityConfig                    0x080033b3   Thumb Code    26  stm32f2xx_tim.o(.text)
    TIM_CCxCmd                               0x080033cd   Thumb Code    30  stm32f2xx_tim.o(.text)
    TIM_CCxNCmd                              0x080033eb   Thumb Code    30  stm32f2xx_tim.o(.text)
    TIM_SetIC4Prescaler                      0x08003409   Thumb Code    26  stm32f2xx_tim.o(.text)
    TIM_SetIC3Prescaler                      0x08003473   Thumb Code    18  stm32f2xx_tim.o(.text)
    TIM_SetIC2Prescaler                      0x080034cd   Thumb Code    26  stm32f2xx_tim.o(.text)
    TIM_SetIC1Prescaler                      0x08003541   Thumb Code    18  stm32f2xx_tim.o(.text)
    TIM_ICInit                               0x0800358d   Thumb Code   110  stm32f2xx_tim.o(.text)
    TIM_ICStructInit                         0x080035fb   Thumb Code    18  stm32f2xx_tim.o(.text)
    TIM_PWMIConfig                           0x0800360d   Thumb Code   124  stm32f2xx_tim.o(.text)
    TIM_GetCapture1                          0x08003689   Thumb Code     6  stm32f2xx_tim.o(.text)
    TIM_GetCapture2                          0x0800368f   Thumb Code     6  stm32f2xx_tim.o(.text)
    TIM_GetCapture3                          0x08003695   Thumb Code     6  stm32f2xx_tim.o(.text)
    TIM_GetCapture4                          0x0800369b   Thumb Code     6  stm32f2xx_tim.o(.text)
    TIM_BDTRConfig                           0x080036a1   Thumb Code    32  stm32f2xx_tim.o(.text)
    TIM_BDTRStructInit                       0x080036c1   Thumb Code    18  stm32f2xx_tim.o(.text)
    TIM_CtrlPWMOutputs                       0x080036d3   Thumb Code    30  stm32f2xx_tim.o(.text)
    TIM_SelectCOM                            0x080036f1   Thumb Code    24  stm32f2xx_tim.o(.text)
    TIM_CCPreloadControl                     0x08003709   Thumb Code    24  stm32f2xx_tim.o(.text)
    TIM_ITConfig                             0x08003721   Thumb Code    18  stm32f2xx_tim.o(.text)
    TIM_GenerateEvent                        0x08003733   Thumb Code     4  stm32f2xx_tim.o(.text)
    TIM_GetFlagStatus                        0x08003737   Thumb Code    18  stm32f2xx_tim.o(.text)
    TIM_ClearFlag                            0x08003749   Thumb Code     6  stm32f2xx_tim.o(.text)
    TIM_GetITStatus                          0x0800374f   Thumb Code    34  stm32f2xx_tim.o(.text)
    TIM_ClearITPendingBit                    0x08003771   Thumb Code     6  stm32f2xx_tim.o(.text)
    TIM_DMAConfig                            0x08003777   Thumb Code    10  stm32f2xx_tim.o(.text)
    TIM_DMACmd                               0x08003781   Thumb Code    18  stm32f2xx_tim.o(.text)
    TIM_SelectCCDMA                          0x08003793   Thumb Code    24  stm32f2xx_tim.o(.text)
    TIM_InternalClockConfig                  0x080037ab   Thumb Code    12  stm32f2xx_tim.o(.text)
    TIM_SelectInputTrigger                   0x080037b7   Thumb Code    18  stm32f2xx_tim.o(.text)
    TIM_ITRxExternalClockConfig              0x080037c9   Thumb Code    24  stm32f2xx_tim.o(.text)
    TIM_TIxExternalClockConfig               0x080037e1   Thumb Code    62  stm32f2xx_tim.o(.text)
    TIM_ETRConfig                            0x0800381f   Thumb Code    28  stm32f2xx_tim.o(.text)
    TIM_ETRClockMode1Config                  0x0800383b   Thumb Code    54  stm32f2xx_tim.o(.text)
    TIM_ETRClockMode2Config                  0x08003871   Thumb Code    32  stm32f2xx_tim.o(.text)
    TIM_SelectOutputTrigger                  0x08003891   Thumb Code    18  stm32f2xx_tim.o(.text)
    TIM_SelectSlaveMode                      0x080038a3   Thumb Code    18  stm32f2xx_tim.o(.text)
    TIM_SelectMasterSlaveMode                0x080038b5   Thumb Code    18  stm32f2xx_tim.o(.text)
    TIM_EncoderInterfaceConfig               0x080038c7   Thumb Code    66  stm32f2xx_tim.o(.text)
    TIM_SelectHallSensor                     0x08003909   Thumb Code    24  stm32f2xx_tim.o(.text)
    TIM_RemapConfig                          0x08003921   Thumb Code     6  stm32f2xx_tim.o(.text)
    USART_DeInit                             0x08003929   Thumb Code   156  stm32f2xx_usart.o(.text)
    USART_Init                               0x080039c5   Thumb Code   204  stm32f2xx_usart.o(.text)
    USART_StructInit                         0x08003a91   Thumb Code    24  stm32f2xx_usart.o(.text)
    USART_ClockInit                          0x08003aa9   Thumb Code    32  stm32f2xx_usart.o(.text)
    USART_ClockStructInit                    0x08003ac9   Thumb Code    12  stm32f2xx_usart.o(.text)
    USART_Cmd                                0x08003ad5   Thumb Code    24  stm32f2xx_usart.o(.text)
    USART_SetPrescaler                       0x08003aed   Thumb Code    16  stm32f2xx_usart.o(.text)
    USART_OverSampling8Cmd                   0x08003afd   Thumb Code    22  stm32f2xx_usart.o(.text)
    USART_OneBitMethodCmd                    0x08003b13   Thumb Code    24  stm32f2xx_usart.o(.text)
    USART_SendData                           0x08003b2b   Thumb Code     8  stm32f2xx_usart.o(.text)
    USART_ReceiveData                        0x08003b33   Thumb Code    10  stm32f2xx_usart.o(.text)
    USART_SetAddress                         0x08003b3d   Thumb Code    18  stm32f2xx_usart.o(.text)
    USART_ReceiverWakeUpCmd                  0x08003b4f   Thumb Code    24  stm32f2xx_usart.o(.text)
    USART_WakeUpConfig                       0x08003b67   Thumb Code    18  stm32f2xx_usart.o(.text)
    USART_LINBreakDetectLengthConfig         0x08003b79   Thumb Code    18  stm32f2xx_usart.o(.text)
    USART_LINCmd                             0x08003b8b   Thumb Code    24  stm32f2xx_usart.o(.text)
    USART_SendBreak                          0x08003ba3   Thumb Code    10  stm32f2xx_usart.o(.text)
    USART_HalfDuplexCmd                      0x08003bad   Thumb Code    24  stm32f2xx_usart.o(.text)
    USART_SetGuardTime                       0x08003bc5   Thumb Code    16  stm32f2xx_usart.o(.text)
    USART_SmartCardCmd                       0x08003bd5   Thumb Code    24  stm32f2xx_usart.o(.text)
    USART_SmartCardNACKCmd                   0x08003bed   Thumb Code    24  stm32f2xx_usart.o(.text)
    USART_IrDAConfig                         0x08003c05   Thumb Code    18  stm32f2xx_usart.o(.text)
    USART_IrDACmd                            0x08003c17   Thumb Code    24  stm32f2xx_usart.o(.text)
    USART_DMACmd                             0x08003c2f   Thumb Code    18  stm32f2xx_usart.o(.text)
    USART_ITConfig                           0x08003c41   Thumb Code    74  stm32f2xx_usart.o(.text)
    USART_GetFlagStatus                      0x08003c8b   Thumb Code    26  stm32f2xx_usart.o(.text)
    USART_ClearFlag                          0x08003ca5   Thumb Code    18  stm32f2xx_usart.o(.text)
    USART_GetITStatus                        0x08003cb7   Thumb Code   110  stm32f2xx_usart.o(.text)
    USART_ClearITPendingBit                  0x08003d25   Thumb Code    30  stm32f2xx_usart.o(.text)
    RTC_WaitForSynchro                       0x08003d45   Thumb Code    92  stm32f2xx_rtc.o(.text)
    RTC_EnterInitMode                        0x08003da1   Thumb Code    84  stm32f2xx_rtc.o(.text)
    RTC_DeInit                               0x08003df5   Thumb Code   182  stm32f2xx_rtc.o(.text)
    RTC_ExitInitMode                         0x08003eab   Thumb Code    18  stm32f2xx_rtc.o(.text)
    RTC_Init                                 0x08003ebd   Thumb Code    94  stm32f2xx_rtc.o(.text)
    RTC_StructInit                           0x08003f1b   Thumb Code    14  stm32f2xx_rtc.o(.text)
    RTC_WriteProtectionCmd                   0x08003f29   Thumb Code    22  stm32f2xx_rtc.o(.text)
    RTC_RefClockCmd                          0x08003f3f   Thumb Code    76  stm32f2xx_rtc.o(.text)
    RTC_SetTime                              0x08003fbd   Thumb Code   184  stm32f2xx_rtc.o(.text)
    RTC_TimeStructInit                       0x08004075   Thumb Code    12  stm32f2xx_rtc.o(.text)
    RTC_GetTime                              0x08004081   Thumb Code    74  stm32f2xx_rtc.o(.text)
    RTC_SetDate                              0x080040cb   Thumb Code   190  stm32f2xx_rtc.o(.text)
    RTC_DateStructInit                       0x08004189   Thumb Code    14  stm32f2xx_rtc.o(.text)
    RTC_GetDate                              0x08004197   Thumb Code    68  stm32f2xx_rtc.o(.text)
    RTC_SetAlarm                             0x080041db   Thumb Code   234  stm32f2xx_rtc.o(.text)
    RTC_AlarmStructInit                      0x080042c5   Thumb Code    22  stm32f2xx_rtc.o(.text)
    RTC_GetAlarm                             0x080042db   Thumb Code   114  stm32f2xx_rtc.o(.text)
    RTC_AlarmCmd                             0x0800434d   Thumb Code   116  stm32f2xx_rtc.o(.text)
    RTC_WakeUpClockConfig                    0x080043c1   Thumb Code    46  stm32f2xx_rtc.o(.text)
    RTC_SetWakeUpCounter                     0x080043ef   Thumb Code    24  stm32f2xx_rtc.o(.text)
    RTC_GetWakeUpCounter                     0x08004407   Thumb Code    10  stm32f2xx_rtc.o(.text)
    RTC_WakeUpCmd                            0x08004411   Thumb Code   120  stm32f2xx_rtc.o(.text)
    RTC_DayLightSavingConfig                 0x08004489   Thumb Code    54  stm32f2xx_rtc.o(.text)
    RTC_GetStoreOperation                    0x080044bf   Thumb Code    12  stm32f2xx_rtc.o(.text)
    RTC_OutputConfig                         0x080044cb   Thumb Code    54  stm32f2xx_rtc.o(.text)
    RTC_CoarseCalibConfig                    0x08004501   Thumb Code    56  stm32f2xx_rtc.o(.text)
    RTC_CoarseCalibCmd                       0x08004539   Thumb Code    82  stm32f2xx_rtc.o(.text)
    RTC_CalibOutputCmd                       0x0800458b   Thumb Code    50  stm32f2xx_rtc.o(.text)
    RTC_TimeStampCmd                         0x080045bd   Thumb Code    52  stm32f2xx_rtc.o(.text)
    RTC_GetTimeStamp                         0x080045f1   Thumb Code   144  stm32f2xx_rtc.o(.text)
    RTC_TamperTriggerConfig                  0x08004681   Thumb Code    38  stm32f2xx_rtc.o(.text)
    RTC_TamperCmd                            0x080046a7   Thumb Code    34  stm32f2xx_rtc.o(.text)
    RTC_WriteBackupRegister                  0x080046c9   Thumb Code    26  stm32f2xx_rtc.o(.text)
    RTC_ReadBackupRegister                   0x080046e3   Thumb Code    28  stm32f2xx_rtc.o(.text)
    RTC_TamperPinSelection                   0x080046ff   Thumb Code    26  stm32f2xx_rtc.o(.text)
    RTC_TimeStampPinSelection                0x08004719   Thumb Code    26  stm32f2xx_rtc.o(.text)
    RTC_OutputTypeConfig                     0x08004733   Thumb Code    26  stm32f2xx_rtc.o(.text)
    RTC_ITConfig                             0x0800474d   Thumb Code    90  stm32f2xx_rtc.o(.text)
    RTC_GetFlagStatus                        0x080047a7   Thumb Code    34  stm32f2xx_rtc.o(.text)
    RTC_ClearFlag                            0x080047c9   Thumb Code    28  stm32f2xx_rtc.o(.text)
    RTC_GetITStatus                          0x080047e5   Thumb Code    60  stm32f2xx_rtc.o(.text)
    RTC_ClearITPendingBit                    0x08004821   Thumb Code    32  stm32f2xx_rtc.o(.text)
    ADC_DeInit                               0x0800484d   Thumb Code    22  stm32f2xx_adc.o(.text)
    ADC_Init                                 0x08004863   Thumb Code    74  stm32f2xx_adc.o(.text)
    ADC_StructInit                           0x080048ad   Thumb Code    20  stm32f2xx_adc.o(.text)
    ADC_CommonInit                           0x080048c1   Thumb Code    44  stm32f2xx_adc.o(.text)
    ADC_CommonStructInit                     0x080048ed   Thumb Code    12  stm32f2xx_adc.o(.text)
    ADC_Cmd                                  0x080048f9   Thumb Code    22  stm32f2xx_adc.o(.text)
    ADC_AnalogWatchdogCmd                    0x0800490f   Thumb Code    16  stm32f2xx_adc.o(.text)
    ADC_AnalogWatchdogThresholdsConfig       0x0800491f   Thumb Code     6  stm32f2xx_adc.o(.text)
    ADC_AnalogWatchdogSingleChannelConfig    0x08004925   Thumb Code    16  stm32f2xx_adc.o(.text)
    ADC_TempSensorVrefintCmd                 0x08004935   Thumb Code    34  stm32f2xx_adc.o(.text)
    ADC_VBATCmd                              0x08004957   Thumb Code    34  stm32f2xx_adc.o(.text)
    ADC_RegularChannelConfig                 0x08004979   Thumb Code   184  stm32f2xx_adc.o(.text)
    ADC_SoftwareStartConv                    0x08004a31   Thumb Code    10  stm32f2xx_adc.o(.text)
    ADC_GetSoftwareStartConvStatus           0x08004a3b   Thumb Code    20  stm32f2xx_adc.o(.text)
    ADC_EOCOnEachRegularChannelCmd           0x08004a4f   Thumb Code    22  stm32f2xx_adc.o(.text)
    ADC_ContinuousModeCmd                    0x08004a65   Thumb Code    22  stm32f2xx_adc.o(.text)
    ADC_DiscModeChannelCountConfig           0x08004a7b   Thumb Code    24  stm32f2xx_adc.o(.text)
    ADC_DiscModeCmd                          0x08004a93   Thumb Code    22  stm32f2xx_adc.o(.text)
    ADC_GetConversionValue                   0x08004aa9   Thumb Code     8  stm32f2xx_adc.o(.text)
    ADC_GetMultiModeConversionValue          0x08004ab1   Thumb Code     6  stm32f2xx_adc.o(.text)
    ADC_DMACmd                               0x08004ab7   Thumb Code    22  stm32f2xx_adc.o(.text)
    ADC_DMARequestAfterLastTransferCmd       0x08004acd   Thumb Code    22  stm32f2xx_adc.o(.text)
    ADC_MultiModeDMARequestAfterLastTransferCmd 0x08004ae3   Thumb Code    34  stm32f2xx_adc.o(.text)
    ADC_InjectedChannelConfig                0x08004b05   Thumb Code   130  stm32f2xx_adc.o(.text)
    ADC_InjectedSequencerLengthConfig        0x08004b87   Thumb Code    24  stm32f2xx_adc.o(.text)
    ADC_SetInjectedOffset                    0x08004b9f   Thumb Code    20  stm32f2xx_adc.o(.text)
    ADC_ExternalTrigInjectedConvConfig       0x08004bb3   Thumb Code    16  stm32f2xx_adc.o(.text)
    ADC_ExternalTrigInjectedConvEdgeConfig   0x08004bc3   Thumb Code    16  stm32f2xx_adc.o(.text)
    ADC_SoftwareStartInjectedConv            0x08004bd3   Thumb Code    10  stm32f2xx_adc.o(.text)
    ADC_GetSoftwareStartInjectedConvCmdStatus 0x08004bdd   Thumb Code    20  stm32f2xx_adc.o(.text)
    ADC_AutoInjectedConvCmd                  0x08004bf1   Thumb Code    22  stm32f2xx_adc.o(.text)
    ADC_InjectedDiscModeCmd                  0x08004c07   Thumb Code    22  stm32f2xx_adc.o(.text)
    ADC_GetInjectedConversionValue           0x08004c1d   Thumb Code    28  stm32f2xx_adc.o(.text)
    ADC_ITConfig                             0x08004c39   Thumb Code    60  stm32f2xx_adc.o(.text)
    ADC_GetFlagStatus                        0x08004c75   Thumb Code    18  stm32f2xx_adc.o(.text)
    ADC_ClearFlag                            0x08004c87   Thumb Code     6  stm32f2xx_adc.o(.text)
    ADC_GetITStatus                          0x08004c8d   Thumb Code    38  stm32f2xx_adc.o(.text)
    ADC_ClearITPendingBit                    0x08004cb3   Thumb Code    10  stm32f2xx_adc.o(.text)
    PWR_DeInit                               0x08004cbd   Thumb Code    22  stm32f2xx_pwr.o(.text)
    PWR_BackupAccessCmd                      0x08004cd3   Thumb Code     6  stm32f2xx_pwr.o(.text)
    PWR_PVDLevelConfig                       0x08004cd9   Thumb Code    18  stm32f2xx_pwr.o(.text)
    PWR_PVDCmd                               0x08004ceb   Thumb Code     6  stm32f2xx_pwr.o(.text)
    PWR_WakeUpPinCmd                         0x08004cf1   Thumb Code     6  stm32f2xx_pwr.o(.text)
    PWR_BackupRegulatorCmd                   0x08004cf7   Thumb Code     6  stm32f2xx_pwr.o(.text)
    PWR_FlashPowerDownCmd                    0x08004cfd   Thumb Code     6  stm32f2xx_pwr.o(.text)
    PWR_EnterSTOPMode                        0x08004d03   Thumb Code    54  stm32f2xx_pwr.o(.text)
    PWR_EnterSTANDBYMode                     0x08004d39   Thumb Code    42  stm32f2xx_pwr.o(.text)
    PWR_GetFlagStatus                        0x08004d63   Thumb Code    20  stm32f2xx_pwr.o(.text)
    PWR_ClearFlag                            0x08004d77   Thumb Code    14  stm32f2xx_pwr.o(.text)
    SPI_I2S_DeInit                           0x08004d99   Thumb Code    76  stm32f2xx_spi.o(.text)
    SPI_Init                                 0x08004de5   Thumb Code    60  stm32f2xx_spi.o(.text)
    I2S_Init                                 0x08004e21   Thumb Code   346  stm32f2xx_spi.o(.text)
    SPI_StructInit                           0x08004f7b   Thumb Code    24  stm32f2xx_spi.o(.text)
    I2S_StructInit                           0x08004f93   Thumb Code    20  stm32f2xx_spi.o(.text)
    SPI_Cmd                                  0x08004fa7   Thumb Code    24  stm32f2xx_spi.o(.text)
    I2S_Cmd                                  0x08004fbf   Thumb Code    24  stm32f2xx_spi.o(.text)
    SPI_DataSizeConfig                       0x08004fd7   Thumb Code    18  stm32f2xx_spi.o(.text)
    SPI_BiDirectionalLineConfig              0x08004fe9   Thumb Code    28  stm32f2xx_spi.o(.text)
    SPI_NSSInternalSoftwareConfig            0x08005005   Thumb Code    30  stm32f2xx_spi.o(.text)
    SPI_SSOutputCmd                          0x08005023   Thumb Code    24  stm32f2xx_spi.o(.text)
    SPI_TIModeCmd                            0x0800503b   Thumb Code    24  stm32f2xx_spi.o(.text)
    SPI_I2S_ReceiveData                      0x08005053   Thumb Code     6  stm32f2xx_spi.o(.text)
    SPI_I2S_SendData                         0x08005059   Thumb Code     4  stm32f2xx_spi.o(.text)
    SPI_CalculateCRC                         0x0800505d   Thumb Code    24  stm32f2xx_spi.o(.text)
    SPI_TransmitCRC                          0x08005075   Thumb Code    10  stm32f2xx_spi.o(.text)
    SPI_GetCRC                               0x0800507f   Thumb Code    16  stm32f2xx_spi.o(.text)
    SPI_GetCRCPolynomial                     0x0800508f   Thumb Code     6  stm32f2xx_spi.o(.text)
    SPI_I2S_DMACmd                           0x08005095   Thumb Code    18  stm32f2xx_spi.o(.text)
    SPI_I2S_ITConfig                         0x080050a7   Thumb Code    32  stm32f2xx_spi.o(.text)
    SPI_I2S_GetFlagStatus                    0x080050c7   Thumb Code    18  stm32f2xx_spi.o(.text)
    SPI_I2S_ClearFlag                        0x080050d9   Thumb Code     6  stm32f2xx_spi.o(.text)
    SPI_I2S_GetITStatus                      0x080050df   Thumb Code    52  stm32f2xx_spi.o(.text)
    SPI_I2S_ClearITPendingBit                0x08005113   Thumb Code    20  stm32f2xx_spi.o(.text)
    SystemInit                               0x080051fb   Thumb Code    74  system_stm32f2xx.o(.text)
    SystemCoreClockUpdate                    0x08005245   Thumb Code   174  system_stm32f2xx.o(.text)
    Reset_Handler                            0x0800531d   Thumb Code     8  startup_stm32f2xx.o(.text)
    NMI_Handler                              0x08005325   Thumb Code     2  startup_stm32f2xx.o(.text)
    HardFault_Handler                        0x08005327   Thumb Code     2  startup_stm32f2xx.o(.text)
    MemManage_Handler                        0x08005329   Thumb Code     2  startup_stm32f2xx.o(.text)
    BusFault_Handler                         0x0800532b   Thumb Code     2  startup_stm32f2xx.o(.text)
    UsageFault_Handler                       0x0800532d   Thumb Code     2  startup_stm32f2xx.o(.text)
    SVC_Handler                              0x0800532f   Thumb Code     2  startup_stm32f2xx.o(.text)
    DebugMon_Handler                         0x08005331   Thumb Code     2  startup_stm32f2xx.o(.text)
    ADC_IRQHandler                           0x08005337   Thumb Code     0  startup_stm32f2xx.o(.text)
    CAN1_RX0_IRQHandler                      0x08005337   Thumb Code     0  startup_stm32f2xx.o(.text)
    CAN1_RX1_IRQHandler                      0x08005337   Thumb Code     0  startup_stm32f2xx.o(.text)
    CAN1_SCE_IRQHandler                      0x08005337   Thumb Code     0  startup_stm32f2xx.o(.text)
    CAN1_TX_IRQHandler                       0x08005337   Thumb Code     0  startup_stm32f2xx.o(.text)
    CAN2_RX0_IRQHandler                      0x08005337   Thumb Code     0  startup_stm32f2xx.o(.text)
    CAN2_RX1_IRQHandler                      0x08005337   Thumb Code     0  startup_stm32f2xx.o(.text)
    CAN2_SCE_IRQHandler                      0x08005337   Thumb Code     0  startup_stm32f2xx.o(.text)
    CAN2_TX_IRQHandler                       0x08005337   Thumb Code     0  startup_stm32f2xx.o(.text)
    CRYP_IRQHandler                          0x08005337   Thumb Code     0  startup_stm32f2xx.o(.text)
    DCMI_IRQHandler                          0x08005337   Thumb Code     0  startup_stm32f2xx.o(.text)
    DMA1_Stream0_IRQHandler                  0x08005337   Thumb Code     0  startup_stm32f2xx.o(.text)
    DMA1_Stream2_IRQHandler                  0x08005337   Thumb Code     0  startup_stm32f2xx.o(.text)
    DMA1_Stream4_IRQHandler                  0x08005337   Thumb Code     0  startup_stm32f2xx.o(.text)
    DMA1_Stream7_IRQHandler                  0x08005337   Thumb Code     0  startup_stm32f2xx.o(.text)
    DMA2_Stream0_IRQHandler                  0x08005337   Thumb Code     0  startup_stm32f2xx.o(.text)
    DMA2_Stream1_IRQHandler                  0x08005337   Thumb Code     0  startup_stm32f2xx.o(.text)
    DMA2_Stream2_IRQHandler                  0x08005337   Thumb Code     0  startup_stm32f2xx.o(.text)
    DMA2_Stream3_IRQHandler                  0x08005337   Thumb Code     0  startup_stm32f2xx.o(.text)
    DMA2_Stream4_IRQHandler                  0x08005337   Thumb Code     0  startup_stm32f2xx.o(.text)
    DMA2_Stream6_IRQHandler                  0x08005337   Thumb Code     0  startup_stm32f2xx.o(.text)
    ETH_IRQHandler                           0x08005337   Thumb Code     0  startup_stm32f2xx.o(.text)
    ETH_WKUP_IRQHandler                      0x08005337   Thumb Code     0  startup_stm32f2xx.o(.text)
    EXTI0_IRQHandler                         0x08005337   Thumb Code     0  startup_stm32f2xx.o(.text)
    EXTI15_10_IRQHandler                     0x08005337   Thumb Code     0  startup_stm32f2xx.o(.text)
    EXTI1_IRQHandler                         0x08005337   Thumb Code     0  startup_stm32f2xx.o(.text)
    EXTI2_IRQHandler                         0x08005337   Thumb Code     0  startup_stm32f2xx.o(.text)
    EXTI3_IRQHandler                         0x08005337   Thumb Code     0  startup_stm32f2xx.o(.text)
    EXTI4_IRQHandler                         0x08005337   Thumb Code     0  startup_stm32f2xx.o(.text)
    EXTI9_5_IRQHandler                       0x08005337   Thumb Code     0  startup_stm32f2xx.o(.text)
    FLASH_IRQHandler                         0x08005337   Thumb Code     0  startup_stm32f2xx.o(.text)
    FSMC_IRQHandler                          0x08005337   Thumb Code     0  startup_stm32f2xx.o(.text)
    HASH_RNG_IRQHandler                      0x08005337   Thumb Code     0  startup_stm32f2xx.o(.text)
    I2C1_ER_IRQHandler                       0x08005337   Thumb Code     0  startup_stm32f2xx.o(.text)
    I2C1_EV_IRQHandler                       0x08005337   Thumb Code     0  startup_stm32f2xx.o(.text)
    I2C2_ER_IRQHandler                       0x08005337   Thumb Code     0  startup_stm32f2xx.o(.text)
    I2C2_EV_IRQHandler                       0x08005337   Thumb Code     0  startup_stm32f2xx.o(.text)
    I2C3_ER_IRQHandler                       0x08005337   Thumb Code     0  startup_stm32f2xx.o(.text)
    I2C3_EV_IRQHandler                       0x08005337   Thumb Code     0  startup_stm32f2xx.o(.text)
    OTG_FS_IRQHandler                        0x08005337   Thumb Code     0  startup_stm32f2xx.o(.text)
    OTG_FS_WKUP_IRQHandler                   0x08005337   Thumb Code     0  startup_stm32f2xx.o(.text)
    OTG_HS_EP1_IN_IRQHandler                 0x08005337   Thumb Code     0  startup_stm32f2xx.o(.text)
    OTG_HS_EP1_OUT_IRQHandler                0x08005337   Thumb Code     0  startup_stm32f2xx.o(.text)
    OTG_HS_IRQHandler                        0x08005337   Thumb Code     0  startup_stm32f2xx.o(.text)
    OTG_HS_WKUP_IRQHandler                   0x08005337   Thumb Code     0  startup_stm32f2xx.o(.text)
    PVD_IRQHandler                           0x08005337   Thumb Code     0  startup_stm32f2xx.o(.text)
    RCC_IRQHandler                           0x08005337   Thumb Code     0  startup_stm32f2xx.o(.text)
    RTC_Alarm_IRQHandler                     0x08005337   Thumb Code     0  startup_stm32f2xx.o(.text)
    RTC_WKUP_IRQHandler                      0x08005337   Thumb Code     0  startup_stm32f2xx.o(.text)
    SDIO_IRQHandler                          0x08005337   Thumb Code     0  startup_stm32f2xx.o(.text)
    SPI1_IRQHandler                          0x08005337   Thumb Code     0  startup_stm32f2xx.o(.text)
    SPI2_IRQHandler                          0x08005337   Thumb Code     0  startup_stm32f2xx.o(.text)
    SPI3_IRQHandler                          0x08005337   Thumb Code     0  startup_stm32f2xx.o(.text)
    TAMP_STAMP_IRQHandler                    0x08005337   Thumb Code     0  startup_stm32f2xx.o(.text)
    TIM1_CC_IRQHandler                       0x08005337   Thumb Code     0  startup_stm32f2xx.o(.text)
    TIM1_TRG_COM_TIM11_IRQHandler            0x08005337   Thumb Code     0  startup_stm32f2xx.o(.text)
    TIM1_UP_TIM10_IRQHandler                 0x08005337   Thumb Code     0  startup_stm32f2xx.o(.text)
    TIM2_IRQHandler                          0x08005337   Thumb Code     0  startup_stm32f2xx.o(.text)
    TIM3_IRQHandler                          0x08005337   Thumb Code     0  startup_stm32f2xx.o(.text)
    TIM4_IRQHandler                          0x08005337   Thumb Code     0  startup_stm32f2xx.o(.text)
    TIM5_IRQHandler                          0x08005337   Thumb Code     0  startup_stm32f2xx.o(.text)
    TIM6_DAC_IRQHandler                      0x08005337   Thumb Code     0  startup_stm32f2xx.o(.text)
    TIM7_IRQHandler                          0x08005337   Thumb Code     0  startup_stm32f2xx.o(.text)
    TIM8_BRK_TIM12_IRQHandler                0x08005337   Thumb Code     0  startup_stm32f2xx.o(.text)
    TIM8_CC_IRQHandler                       0x08005337   Thumb Code     0  startup_stm32f2xx.o(.text)
    TIM8_TRG_COM_TIM14_IRQHandler            0x08005337   Thumb Code     0  startup_stm32f2xx.o(.text)
    TIM8_UP_TIM13_IRQHandler                 0x08005337   Thumb Code     0  startup_stm32f2xx.o(.text)
    UART4_IRQHandler                         0x08005337   Thumb Code     0  startup_stm32f2xx.o(.text)
    UART5_IRQHandler                         0x08005337   Thumb Code     0  startup_stm32f2xx.o(.text)
    USART6_IRQHandler                        0x08005337   Thumb Code     0  startup_stm32f2xx.o(.text)
    WWDG_IRQHandler                          0x08005337   Thumb Code     0  startup_stm32f2xx.o(.text)
    __user_initial_stackheap                 0x08005339   Thumb Code     0  startup_stm32f2xx.o(.text)
    LCD_SetFont                              0x0800535d   Thumb Code     6  lcdhal_universal.o(.text)
    LCD_GetFont                              0x08005363   Thumb Code     6  lcdhal_universal.o(.text)
    readTypeLCD                              0x08005369   Thumb Code    26  lcdhal_universal.o(.text)
    LCD_Init                                 0x08005383   Thumb Code   196  lcdhal_universal.o(.text)
    LCD_SetWindow                            0x08005447   Thumb Code    40  lcdhal_universal.o(.text)
    LCD_PutPixel                             0x0800546f   Thumb Code    24  lcdhal_universal.o(.text)
    LCD_DrawChar                             0x08005487   Thumb Code    28  lcdhal_universal.o(.text)
    LCD_DrawFillRect                         0x080054a3   Thumb Code    40  lcdhal_universal.o(.text)
    LCD_DrawMonoPict                         0x080054cb   Thumb Code    20  lcdhal_universal.o(.text)
    LCD_WriteBMP                             0x080054df   Thumb Code    20  lcdhal_universal.o(.text)
    LCD_SetCursor                            0x08005545   Thumb Code    24  lcdhal_ili9320.o(.text)
    LCD_SetWindow_ILI9320                    0x0800555d   Thumb Code    84  lcdhal_ili9320.o(.text)
    LCD_PutPixel_ILI9320                     0x080055b1   Thumb Code    34  lcdhal_ili9320.o(.text)
    LCD_DrawChar_ILI9320                     0x080055d3   Thumb Code   256  lcdhal_ili9320.o(.text)
    LCD_DrawFillRect_ILI9320                 0x080056d3   Thumb Code    68  lcdhal_ili9320.o(.text)
    LCD_DrawMonoPict_ILI9320                 0x08005717   Thumb Code    70  lcdhal_ili9320.o(.text)
    LCD_WriteBMP_ILI9320                     0x0800575d   Thumb Code    54  lcdhal_ili9320.o(.text)
    LCD_WriteBitmap_ILI9320                  0x08005793   Thumb Code    68  lcdhal_ili9320.o(.text)
    LCD_Init_ILI9320                         0x080057d7   Thumb Code   514  lcdhal_ili9320.o(.text)
    LCD_SetWindow_HX8347A                    0x080059d9   Thumb Code   108  lcdhal_hx8347a.o(.text)
    LCD_PutPixel_HX8347A                     0x08005a45   Thumb Code    44  lcdhal_hx8347a.o(.text)
    LCD_DrawChar_HX8347A                     0x08005a71   Thumb Code   286  lcdhal_hx8347a.o(.text)
    LCD_DrawFillRect_HX8347A                 0x08005b8f   Thumb Code    78  lcdhal_hx8347a.o(.text)
    LCD_DrawMonoPict_HX8347A                 0x08005bdd   Thumb Code    90  lcdhal_hx8347a.o(.text)
    LCD_WriteBMP_HX8347A                     0x08005c37   Thumb Code    60  lcdhal_hx8347a.o(.text)
    LCD_WriteBitmap_HX8347A                  0x08005c73   Thumb Code    74  lcdhal_hx8347a.o(.text)
    LCD_Init_HX8347A                         0x08005cbd   Thumb Code   574  lcdhal_hx8347a.o(.text)
    EE_ReadBuf                               0x08005efd   Thumb Code    54  ee_emul.o(.text)
    EE_WriteBuf                              0x08005f33   Thumb Code   196  ee_emul.o(.text)
    LCD_SetColorMode                         0x08005ffd   Thumb Code     6  guicolor.o(.text)
    LCD_SetPalette                           0x08006003   Thumb Code   448  guicolor.o(.text)
    LCD_SetColorGRAM                         0x080061c3   Thumb Code    14  guicolor.o(.text)
    LCD_GetColorMode                         0x080061d1   Thumb Code     6  guicolor.o(.text)
    LCD_GetColorGRAM                         0x080061d7   Thumb Code     6  guicolor.o(.text)
    LCD_SetColors                            0x080061dd   Thumb Code    78  guicolor.o(.text)
    LCD_GetColors                            0x0800622b   Thumb Code    40  guicolor.o(.text)
    LCD_SetTextColor                         0x08006253   Thumb Code    46  guicolor.o(.text)
    LCD_SetBackColor                         0x08006281   Thumb Code    46  guicolor.o(.text)
    guiChangeColorLight                      0x080062af   Thumb Code    10  guicolor.o(.text)
    LCD_Clear                                0x080062f1   Thumb Code    26  guiprimitives.o(.text)
    LCD_DrawTransparentChar                  0x0800630b   Thumb Code   126  guiprimitives.o(.text)
    LCD_DrawString                           0x08006389   Thumb Code    96  guiprimitives.o(.text)
    LCD_DrawLine                             0x080063e9   Thumb Code    42  guiprimitives.o(.text)
    LCD_DrawRect                             0x08006413   Thumb Code    72  guiprimitives.o(.text)
    LCD_DrawCircle                           0x0800645b   Thumb Code   238  guiprimitives.o(.text)
    LCD_DrawFullRect                         0x08006549   Thumb Code   108  guiprimitives.o(.text)
    LCD_DrawFullCircle                       0x080065b5   Thumb Code   218  guiprimitives.o(.text)
    LCD_DrawUniLine                          0x0800668f   Thumb Code   290  guiprimitives.o(.text)
    LCD_PolyLine                             0x080067b1   Thumb Code    68  guiprimitives.o(.text)
    LCD_ClosedPolyLine                       0x0800686b   Thumb Code    48  guiprimitives.o(.text)
    LCD_PolyLineRelative                     0x0800689b   Thumb Code    18  guiprimitives.o(.text)
    LCD_ClosedPolyLineRelative               0x080068ad   Thumb Code    18  guiprimitives.o(.text)
    LCD_FillPolyLine                         0x080068bf   Thumb Code   584  guiprimitives.o(.text)
    LCD_DrawQuadRound                        0x08006b07   Thumb Code   238  guiprimitives.o(.text)
    LCD_DrawRoundedRect                      0x08006bf5   Thumb Code   190  guiprimitives.o(.text)
    guiDrawString                            0x08006cb5   Thumb Code   100  guitext.o(.text)
    uint8toString                            0x08006d19   Thumb Code   108  guitext.o(.text)
    int16toString                            0x08006d85   Thumb Code   144  guitext.o(.text)
    int32toString                            0x08006e15   Thumb Code   134  guitext.o(.text)
    uint32toString                           0x08006e9b   Thumb Code    86  guitext.o(.text)
    LCD_ASCII                                0x08006ef1   Thumb Code    92  guitext.o(.text)
    uint32toTime                             0x08006f4d   Thumb Code   214  guitext.o(.text)
    wmObjInit                                0x08007029   Thumb Code    50  widget.o(.text)
    wmTextInit                               0x0800705b   Thumb Code    66  widget.o(.text)
    wmGetTextPosition                        0x0800709d   Thumb Code   112  widget.o(.text)
    wmGetTextLenWidth                        0x0800710d   Thumb Code   132  widget.o(.text)
    wmTextPositionInit                       0x08007191   Thumb Code    46  widget.o(.text)
    wmObjTextInit                            0x080071bf   Thumb Code    54  widget.o(.text)
    wmTouchInit                              0x080071f5   Thumb Code    66  widget.o(.text)
    wmTouchControl                           0x08007237   Thumb Code   422  widget.o(.text)
    defaultChartInit                         0x080073dd   Thumb Code    54  guichart.o(.text)
    chartSetData                             0x08007413   Thumb Code   106  guichart.o(.text)
    guiChartDraw                             0x0800747d   Thumb Code   214  guichart.o(.text)
    guiChartRefresh                          0x08007553   Thumb Code   188  guichart.o(.text)
    defaultCheckInit                         0x0800760f   Thumb Code    50  guicheckbox.o(.text)
    CheckBoxTextInit                         0x08007641   Thumb Code    84  guicheckbox.o(.text)
    CheckBoxDraw                             0x08007695   Thumb Code   368  guicheckbox.o(.text)
    CheckBoxStateRefresh                     0x08007805   Thumb Code   126  guicheckbox.o(.text)
    CheckBoxTouchControl                     0x08007883   Thumb Code    84  guicheckbox.o(.text)
    labelInit                                0x080078d7   Thumb Code    68  guilabel.o(.text)
    guiLabelDraw                             0x0800791b   Thumb Code   368  guilabel.o(.text)
    defaultRadioGroupInit                    0x08007a8b   Thumb Code    42  guiradiogroup.o(.text)
    defaultRadioGroupItemInit                0x08007ab5   Thumb Code    22  guiradiogroup.o(.text)
    RadioGroupTextInit                       0x08007acb   Thumb Code    80  guiradiogroup.o(.text)
    RadioGroupItemInit                       0x08007b1b   Thumb Code   308  guiradiogroup.o(.text)
    RadioGroupDraw                           0x08007c4f   Thumb Code   552  guiradiogroup.o(.text)
    RadioGroupStateRefresh                   0x08007e77   Thumb Code   168  guiradiogroup.o(.text)
    RadioGroupTouchControl                   0x08007f1f   Thumb Code   210  guiradiogroup.o(.text)
    __use_two_region_memory                  0x08007ff1   Thumb Code     2  heapauxi.o(.text)
    __rt_heap_escrow$2region                 0x08007ff3   Thumb Code     2  heapauxi.o(.text)
    __rt_heap_expand$2region                 0x08007ff5   Thumb Code     2  heapauxi.o(.text)
    __aeabi_errno_addr                       0x08007ff9   Thumb Code     8  rt_errno_addr_intlibspace.o(.text)
    __errno$intlibspace                      0x08007ff9   Thumb Code     0  rt_errno_addr_intlibspace.o(.text)
    __rt_errno_addr$intlibspace              0x08007ff9   Thumb Code     0  rt_errno_addr_intlibspace.o(.text)
    eepromdata                               0x08008000   Data       16384  ee_emul.o(.ARM.__AT_0x08008000)
    defaultTextButtonInit                    0x0800c001   Thumb Code   126  guitextbutton.o(.text)
    ButtonTextInit                           0x0800c07f   Thumb Code    88  guitextbutton.o(.text)
    TextButtonStateRefresh                   0x0800c0d7   Thumb Code   154  guitextbutton.o(.text)
    TextButtonDraw                           0x0800c171   Thumb Code   106  guitextbutton.o(.text)
    TextButtonTouchControl                   0x0800c1db   Thumb Code   118  guitextbutton.o(.text)
    touchSaveCoef                            0x0800c251   Thumb Code    82  guitouchcalibration.o(.text)
    touchCalibration                         0x0800c2a3   Thumb Code  1172  guitouchcalibration.o(.text)
    touchLoadCoef                            0x0800c737   Thumb Code    34  guitouchcalibration.o(.text)
    defaultUpDownBoxInit                     0x0800c76d   Thumb Code   542  guiupdownbox.o(.text)
    UpDownBoxLblTextInit                     0x0800c98b   Thumb Code    42  guiupdownbox.o(.text)
    UpDownBoxEditTextInit                    0x0800c9b5   Thumb Code    42  guiupdownbox.o(.text)
    UpDownBoxTextPosInit                     0x0800c9df   Thumb Code   134  guiupdownbox.o(.text)
    UpDownBoxDraw                            0x0800ca65   Thumb Code    46  guiupdownbox.o(.text)
    UpDownBoxSetValue                        0x0800ca93   Thumb Code    94  guiupdownbox.o(.text)
    UpDownBoxValueRedraw                     0x0800caf1   Thumb Code     2  guiupdownbox.o(.text)
    UpDownTouchControl                       0x0800caf3   Thumb Code   490  guiupdownbox.o(.text)
    Beeper_Init                              0x0800ccdd   Thumb Code   196  beeper.o(.text)
    TIM1_BRK_TIM9_IRQHandler                 0x0800cda1   Thumb Code   200  beeper.o(.text)
    Beeper_ShortOn                           0x0800ce69   Thumb Code    20  beeper.o(.text)
    Beeper_Off                               0x0800ce7d   Thumb Code    22  beeper.o(.text)
    Beeper_InterruptOn                       0x0800ce93   Thumb Code    36  beeper.o(.text)
    LCD_Reset_Off                            0x0800ced1   Thumb Code    14  mkdriver_207z.o(.text)
    LCD_Reset_On                             0x0800cedf   Thumb Code    14  mkdriver_207z.o(.text)
    Delay_ms                                 0x0800ceed   Thumb Code    28  mkdriver_207z.o(.text)
    guiDelay_ms                              0x0800cf09   Thumb Code    12  mkdriver_207z.o(.text)
    LCD_WriteReg                             0x0800cf15   Thumb Code    10  mkdriver_207z.o(.text)
    LCD_ReadReg                              0x0800cf1f   Thumb Code    36  mkdriver_207z.o(.text)
    LCD_WriteRAM_Prepare                     0x0800cf43   Thumb Code     8  mkdriver_207z.o(.text)
    LCD_WriteRAM                             0x0800cf4b   Thumb Code     8  mkdriver_207z.o(.text)
    LCD_ReadRAM                              0x0800cf53   Thumb Code    12  mkdriver_207z.o(.text)
    LCD_CtrlLinesConfig                      0x0800cf5f   Thumb Code   338  mkdriver_207z.o(.text)
    LCD_FSMCConfig                           0x0800d0b1   Thumb Code    98  mkdriver_207z.o(.text)
    touchSetCoef                             0x0800d12d   Thumb Code    20  ads7843_207z.o(.text)
    touchGetCoef                             0x0800d141   Thumb Code    36  ads7843_207z.o(.text)
    touchVerifyCoef                          0x0800d165   Thumb Code    74  ads7843_207z.o(.text)
    TP_SPI_Config                            0x0800d1af   Thumb Code   278  ads7843_207z.o(.text)
    touchGetX                                0x0800d2c5   Thumb Code   144  ads7843_207z.o(.text)
    touchGetY                                0x0800d355   Thumb Code   144  ads7843_207z.o(.text)
    touchGetSense                            0x0800d3e5   Thumb Code    56  ads7843_207z.o(.text)
    getTouchState                            0x0800d41d   Thumb Code    22  ads7843_207z.o(.text)
    main                                     0x0800d451   Thumb Code    18  main.o(.text)
    tn_app_init                              0x0800d463   Thumb Code    12  main.o(.text)
    getSystemTimer1ms                        0x0800d471   Thumb Code     6  tn_user.o(.text)
    getSystemTimer1s                         0x0800d477   Thumb Code     6  tn_user.o(.text)
    setSystemTimer1s                         0x0800d47d   Thumb Code    10  tn_user.o(.text)
    delay_ms                                 0x0800d487   Thumb Code    26  tn_user.o(.text)
    SysTick_Handler                          0x0800d4cf   Thumb Code    62  tn_user.o(.text)
    DMA1_Stream1_IRQHandler                  0x0800d50d   Thumb Code    42  tn_user.o(.text)
    DMA1_Stream3_IRQHandler                  0x0800d537   Thumb Code    20  tn_user.o(.text)
    DMA1_Stream5_IRQHandler                  0x0800d54b   Thumb Code    18  tn_user.o(.text)
    DMA1_Stream6_IRQHandler                  0x0800d55d   Thumb Code    18  tn_user.o(.text)
    DMA2_Stream5_IRQHandler                  0x0800d56f   Thumb Code    16  tn_user.o(.text)
    DMA2_Stream7_IRQHandler                  0x0800d57f   Thumb Code    18  tn_user.o(.text)
    USART3_IRQHandler                        0x0800d591   Thumb Code    30  tn_user.o(.text)
    USART2_IRQHandler                        0x0800d5af   Thumb Code    30  tn_user.o(.text)
    USART1_IRQHandler                        0x0800d5cd   Thumb Code    30  tn_user.o(.text)
    tn_cpu_int_enable                        0x0800d5eb   Thumb Code     8  tn_user.o(.text)
    tn_inside_int                            0x0800d5f3   Thumb Code    18  tn_user.o(.text)
    getAdcResult                             0x0800d641   Thumb Code    40  hw_init.o(.text)
    SysTick_cfg                              0x0800d669   Thumb Code    92  hw_init.o(.text)
    RTC_cfg                                  0x0800d6c5   Thumb Code   158  hw_init.o(.text)
    RCC_Configuration                        0x0800d763   Thumb Code   164  hw_init.o(.text)
    HardwareInit                             0x0800d807   Thumb Code    30  hw_init.o(.text)
    ADC_cfg                                  0x0800d825   Thumb Code   348  hw_init.o(.text)
    GPIO_Configuration                       0x0800d981   Thumb Code   322  hw_init.o(.text)
    NVIC_cfg                                 0x0800dac3   Thumb Code   256  hw_init.o(.text)
    DMA_cfg                                  0x0800dbc3   Thumb Code     2  hw_init.o(.text)
    UART3_cfg                                0x0800dbc5   Thumb Code    52  hw_init.o(.text)
    SPI_TC_Init                              0x0800dbf9   Thumb Code     2  hw_init.o(.text)
    iwdg_init                                0x0800dbfb   Thumb Code    34  hw_init.o(.text)
    task_uart_func                           0x0800dc29   Thumb Code    56  tn_task_usart.o(.text)
    uart_task_create                         0x0800dc61   Thumb Code    36  tn_task_usart.o(.text)
    task_appGUI_func                         0x0800dc95   Thumb Code    64  appgui.o(.text)
    appGUI_task_create                       0x0800dcd5   Thumb Code    36  appgui.o(.text)
    HMI_TouchCtrl                            0x0800dd01   Thumb Code   458  hmi_control.o(.text)
    HMI_OnPaint                              0x0800decb   Thumb Code   304  hmi_control.o(.text)
    HMI_ChangeWindow                         0x0800dffb   Thumb Code    78  hmi_control.o(.text)
    HMI_Control                              0x0800e049   Thumb Code    30  hmi_control.o(.text)
    HMIBtn_Exit                              0x0800e067   Thumb Code    10  hmi_control.o(.text)
    btnMain_Plot                             0x0800e091   Thumb Code    10  winmain.o(.text)
    btnMain_Menu                             0x0800e09b   Thumb Code    10  winmain.o(.text)
    winMainInit                              0x0800e0a5   Thumb Code   580  winmain.o(.text)
    btnUartCfg_OKClick                       0x0800e2f9   Thumb Code    10  winuartcfg.o(.text)
    winUartCfgInit                           0x0800e303   Thumb Code  1698  winuartcfg.o(.text)
    btnUartCfg_CancelClick                   0x0800e9a5   Thumb Code    10  winuartcfg.o(.text)
    plotDataCalculate                        0x0800e9bd   Thumb Code   218  winplot.o(.text)
    plotDown                                 0x0800ea97   Thumb Code    80  winplot.o(.text)
    plotUp                                   0x0800eae7   Thumb Code    80  winplot.o(.text)
    plotCenter                               0x0800eb37   Thumb Code    64  winplot.o(.text)
    plotRight                                0x0800eb77   Thumb Code    64  winplot.o(.text)
    plotLeft                                 0x0800ebb7   Thumb Code    64  winplot.o(.text)
    winPlotInit                              0x0800ebf7   Thumb Code   694  winplot.o(.text)
    __read_errno                             0x0800eebd   Thumb Code    10  _rserrno.o(.text)
    __set_errno                              0x0800eec7   Thumb Code    12  _rserrno.o(.text)
    __user_libspace                          0x0800eed5   Thumb Code     8  libspace.o(.text)
    __user_perproc_libspace                  0x0800eed5   Thumb Code     0  libspace.o(.text)
    __user_perthread_libspace                0x0800eed5   Thumb Code     0  libspace.o(.text)
    __user_setup_stackheap                   0x0800eedd   Thumb Code    74  sys_stackheap_outer.o(.text)
    exit                                     0x0800ef27   Thumb Code    12  exit.o(.text)
    _sys_exit                                0x0800ef35   Thumb Code     8  sys_exit.o(.text)
    __I$use$semihosting                      0x0800ef41   Thumb Code     0  use_no_semi.o(.text)
    __use_no_semihosting_swi                 0x0800ef41   Thumb Code     2  use_no_semi.o(.text)
    __semihosting_library_function           0x0800ef43   Thumb Code     0  indicate_semi.o(.text)
    tn_startup_hardware_init                 0x0800ef45   Thumb Code     0  startup_hardware_init.o(HardwareInit)
    tn_arm_disable_interrupts                0x0800ef47   Thumb Code     0  startup_hardware_init.o(HardwareInit)
    tn_arm_enable_interrupts                 0x0800ef4b   Thumb Code     0  startup_hardware_init.o(HardwareInit)
    __ARM_fpclassify                         0x0800ef4f   Thumb Code    40  fpclassify.o(i.__ARM_fpclassify)
    __ieee754_rem_pio2                       0x0800ef79   Thumb Code   832  rred.o(i.__ieee754_rem_pio2)
    __kernel_cos                             0x0800f301   Thumb Code   230  cos_i.o(i.__kernel_cos)
    __kernel_poly                            0x0800f3fd   Thumb Code   170  poly.o(i.__kernel_poly)
    __kernel_sin                             0x0800f4a9   Thumb Code   224  sin_i.o(i.__kernel_sin)
    __mathlib_dbl_underflow                  0x0800f595   Thumb Code    10  dunder.o(i.__mathlib_dbl_underflow)
    sin                                      0x0800f5a5   Thumb Code   166  sin.o(i.sin)
    __aeabi_d2f                              0x0800f655   Thumb Code     0  d2f.o(x$fpl$d2f)
    _d2f                                     0x0800f655   Thumb Code    98  d2f.o(x$fpl$d2f)
    __aeabi_dadd                             0x0800f6b9   Thumb Code     0  daddsub_clz.o(x$fpl$dadd)
    _dadd                                    0x0800f6b9   Thumb Code   332  daddsub_clz.o(x$fpl$dadd)
    __fpl_dcheck_NaN1                        0x0800f809   Thumb Code    10  dcheck1.o(x$fpl$dcheck1)
    __fpl_dcmp_Inf                           0x0800f819   Thumb Code    24  dcmpi.o(x$fpl$dcmpinf)
    __aeabi_ddiv                             0x0800f831   Thumb Code     0  ddiv.o(x$fpl$ddiv)
    _ddiv                                    0x0800f831   Thumb Code   552  ddiv.o(x$fpl$ddiv)
    __aeabi_d2iz                             0x0800fae1   Thumb Code     0  dfix.o(x$fpl$dfix)
    _dfix                                    0x0800fae1   Thumb Code    94  dfix.o(x$fpl$dfix)
    __aeabi_d2uiz                            0x0800fb41   Thumb Code     0  dfixu.o(x$fpl$dfixu)
    _dfixu                                   0x0800fb41   Thumb Code    90  dfixu.o(x$fpl$dfixu)
    __aeabi_i2d                              0x0800fb9b   Thumb Code     0  dflt_clz.o(x$fpl$dflt)
    _dflt                                    0x0800fb9b   Thumb Code    46  dflt_clz.o(x$fpl$dflt)
    __aeabi_ui2d                             0x0800fbc9   Thumb Code     0  dflt_clz.o(x$fpl$dfltu)
    _dfltu                                   0x0800fbc9   Thumb Code    38  dflt_clz.o(x$fpl$dfltu)
    __aeabi_cdcmple                          0x0800fbf1   Thumb Code     0  dleqf.o(x$fpl$dleqf)
    _dcmple                                  0x0800fbf1   Thumb Code   120  dleqf.o(x$fpl$dleqf)
    __fpl_dcmple_InfNaN                      0x0800fc53   Thumb Code     0  dleqf.o(x$fpl$dleqf)
    __aeabi_dmul                             0x0800fc69   Thumb Code     0  dmul.o(x$fpl$dmul)
    _dmul                                    0x0800fc69   Thumb Code   332  dmul.o(x$fpl$dmul)
    __fpl_dnaninf                            0x0800fdbd   Thumb Code   156  dnaninf.o(x$fpl$dnaninf)
    __fpl_dretinf                            0x0800fe59   Thumb Code    12  dretinf.o(x$fpl$dretinf)
    __aeabi_cdrcmple                         0x0800fe65   Thumb Code     0  drleqf.o(x$fpl$drleqf)
    _drcmple                                 0x0800fe65   Thumb Code   108  drleqf.o(x$fpl$drleqf)
    __aeabi_drsub                            0x0800fed1   Thumb Code     0  daddsub_clz.o(x$fpl$drsb)
    _drsb                                    0x0800fed1   Thumb Code    22  daddsub_clz.o(x$fpl$drsb)
    __aeabi_dsub                             0x0800fee9   Thumb Code     0  daddsub_clz.o(x$fpl$dsub)
    _dsub                                    0x0800fee9   Thumb Code   464  daddsub_clz.o(x$fpl$dsub)
    __aeabi_f2d                              0x080100bd   Thumb Code     0  f2d.o(x$fpl$f2d)
    _f2d                                     0x080100bd   Thumb Code    86  f2d.o(x$fpl$f2d)
    __aeabi_fadd                             0x08010115   Thumb Code     0  faddsub_clz.o(x$fpl$fadd)
    _fadd                                    0x08010115   Thumb Code   196  faddsub_clz.o(x$fpl$fadd)
    __aeabi_fdiv                             0x080101d9   Thumb Code     0  fdiv.o(x$fpl$fdiv)
    _fdiv                                    0x080101d9   Thumb Code   384  fdiv.o(x$fpl$fdiv)
    __aeabi_ui2f                             0x0801035d   Thumb Code     0  fflt_clz.o(x$fpl$ffltu)
    _ffltu                                   0x0801035d   Thumb Code    38  fflt_clz.o(x$fpl$ffltu)
    __aeabi_fmul                             0x08010385   Thumb Code     0  fmul.o(x$fpl$fmul)
    _fmul                                    0x08010385   Thumb Code   258  fmul.o(x$fpl$fmul)
    __fpl_fnaninf                            0x08010487   Thumb Code   140  fnaninf.o(x$fpl$fnaninf)
    __fpl_fretinf                            0x08010513   Thumb Code    10  fretinf.o(x$fpl$fretinf)
    __aeabi_fsub                             0x0801051d   Thumb Code     0  faddsub_clz.o(x$fpl$fsub)
    _fsub                                    0x0801051d   Thumb Code   234  faddsub_clz.o(x$fpl$fsub)
    __fpl_return_NaN                         0x08010607   Thumb Code   100  retnan.o(x$fpl$retnan)
    __ARM_scalbn                             0x0801066b   Thumb Code    92  scalbn.o(x$fpl$scalbn)
    __fpl_cmpreturn                          0x080106c7   Thumb Code    48  trapv.o(x$fpl$trapveneer)
    __I$use$fp                               0x080106f6   Number         0  usenofp.o(x$fpl$usenofp)
    xCenter                                  0x080106f6   Data           8  guitouchcalibration.o(.constdata)
    yCenter                                  0x080106fe   Data           8  guitouchcalibration.o(.constdata)
    ArialNarrow_15_SymbolTable               0x08010706   Data        4160  guifontsmin.o(.constdata)
    Arial_12_SymbolTable                     0x08011746   Data        2760  guifontsmin.o(.constdata)
    Arial_12_WidthTable                      0x0801220e   Data         224  guifontsmin.o(.constdata)
    Arial_12_OffsetTable                     0x080122ee   Data         448  guifontsmin.o(.constdata)
    Region$$Table$$Base                      0x0801269c   Number         0  anon$$obj.o(Region$$Table)
    Region$$Table$$Limit                     0x080126bc   Number         0  anon$$obj.o(Region$$Table)
    tn_create_queue                          0x20000000   Data           8  tn.o(.data)
    tn_created_tasks_qty                     0x20000008   Data           4  tn.o(.data)
    tn_wait_timeout_list                     0x2000000c   Data           8  tn.o(.data)
    tn_system_state                          0x20000014   Data           4  tn.o(.data)
    tn_next_task_to_run                      0x20000018   Data           4  tn.o(.data)
    tn_curr_run_task                         0x2000001c   Data           4  tn.o(.data)
    tn_ready_to_run_bmp                      0x20000020   Data           4  tn.o(.data)
    tn_idle_count                            0x20000024   Data           4  tn.o(.data)
    tn_curr_performance                      0x20000028   Data           4  tn.o(.data)
    SystemCoreClock                          0x2000003c   Data           4  system_stm32f2xx.o(.data)
    AHBPrescTable                            0x20000040   Data          16  system_stm32f2xx.o(.data)
    fpLCD_SetWindow                          0x20000050   Data           4  lcdhal_universal.o(.data)
    fpLCD_PutPixel                           0x20000054   Data           4  lcdhal_universal.o(.data)
    fpLCD_DrawChar                           0x20000058   Data           4  lcdhal_universal.o(.data)
    fpLCD_DrawFillRect                       0x2000005c   Data           4  lcdhal_universal.o(.data)
    fpLCD_DrawMonoPict                       0x20000060   Data           4  lcdhal_universal.o(.data)
    fpLCD_WriteBMP                           0x20000064   Data           4  lcdhal_universal.o(.data)
    LCD_Currentfonts                         0x20000068   Data           4  lcdhal_universal.o(.data)
    colorMode                                0x2000006c   Data           1  guicolor.o(.data)
    colorGRAM                                0x2000006d   Data           1  guicolor.o(.data)
    TextColor                                0x20000070   Data           4  guicolor.o(.data)
    BackColor                                0x20000074   Data           4  guicolor.o(.data)
    indexText                                0x20000078   Data           2  guicolor.o(.data)
    indexBack                                0x2000007a   Data           2  guicolor.o(.data)
    tcState                                  0x2000007c   Data           2  guitouchcalibration.o(.data)
    x                                        0x20000082   Data           2  guitouchcalibration.o(.data)
    y                                        0x20000084   Data           2  guitouchcalibration.o(.data)
    axc                                      0x20000086   Data           4  guitouchcalibration.o(.data)
    ayc                                      0x2000008a   Data           4  guitouchcalibration.o(.data)
    bxc                                      0x2000008e   Data           4  guitouchcalibration.o(.data)
    byc                                      0x20000092   Data           4  guitouchcalibration.o(.data)
    beep                                     0x20000098   Data          16  beeper.o(.data)
    ax                                       0x200000a8   Data           2  ads7843_207z.o(.data)
    bx                                       0x200000aa   Data           2  ads7843_207z.o(.data)
    ay                                       0x200000ac   Data           2  ads7843_207z.o(.data)
    by                                       0x200000ae   Data           2  ads7843_207z.o(.data)
    ArialNarrow_15_OffsetTable               0x200000b0   Data         448  guifontsmin.o(.data)
    ArialNarrow_15_WidthTable                0x20000270   Data         224  guifontsmin.o(.data)
    GL_ArialNarrow_15                        0x20000350   Data          24  guifontsmin.o(.data)
    GL_Arial_12                              0x20000368   Data          24  guifontsmin.o(.data)
    curTime                                  0x20000384   Data           4  tn_user.o(.data)
    startTime                                0x20000388   Data           4  tn_user.o(.data)
    timer1ms                                 0x2000038c   Data           4  tn_user.o(.data)
    timer1s                                  0x20000390   Data           4  tn_user.o(.data)
    counter1000ms                            0x20000394   Data           2  tn_user.o(.data)
    usart3                                   0x20000398   Data          32  tn_task_usart.o(.data)
    windowID                                 0x200003b8   Data           1  hmi_control.o(.data)
    wMainBtnStr                              0x200003bc   Data          20  winmain.o(.data)
    wMainLblStr                              0x200003d0   Data           8  winmain.o(.data)
    labelTextColor                           0x200003d8   Data           4  winmain.o(.data)
    wUartCfgBtnStr                           0x200003dc   Data           8  winuartcfg.o(.data)
    wUartCfgLblStr                           0x200003e4   Data           4  winuartcfg.o(.data)
    wUartRg1Str                              0x200003e8   Data          20  winuartcfg.o(.data)
    wUartRg2Str                              0x200003fc   Data          16  winuartcfg.o(.data)
    wUartcBoxStr                             0x2000040c   Data           4  winuartcfg.o(.data)
    wUartudBoxHeadStr                        0x20000410   Data           4  winuartcfg.o(.data)
    wPlotBtnStr                              0x20000414   Data          24  winplot.o(.data)
    wPlotCfgLblStr                           0x2000042c   Data           4  winplot.o(.data)
    coef_Y                                   0x20000430   Data           4  winplot.o(.data)
    coef_X                                   0x20000434   Data           4  winplot.o(.data)
    wPlotGui                                 0x20000438   Data           4  winplot.o(.data)
    gWidth                                   0x2000043c   Data           2  winplot.o(.data)
    gHeight                                  0x2000043e   Data           2  winplot.o(.data)
    tn_ready_list                            0x20000440   Data         256  tn.o(.bss)
    tn_tslice_ticks                          0x20000540   Data          64  tn.o(.bss)
    tn_timer_task_stack                      0x20000580   Data         256  tn.o(.bss)
    tn_timer_task                            0x20000680   Data         112  tn.o(.bss)
    tn_idle_task_stack                       0x200006f0   Data         192  tn.o(.bss)
    tn_idle_task                             0x200007b0   Data         112  tn.o(.bss)
    palette                                  0x20000820   Data          64  guicolor.o(.bss)
    xPos                                     0x20000860   Data          10  guitouchcalibration.o(.bss)
    yPos                                     0x2000086a   Data          10  guitouchcalibration.o(.bss)
    resultADC                                0x20000874   Data         400  hw_init.o(.bss)
    task_uart_stack                          0x20000a04   Data         128  tn_task_usart.o(.bss)
    task_uart                                0x20000a84   Data         112  tn_task_usart.o(.bss)
    rxbufUSART3                              0x20000af4   Data         264  tn_task_usart.o(.bss)
    txbufUSART3                              0x20000bfc   Data         264  tn_task_usart.o(.bss)
    task_appGUI_stack                        0x20000d04   Data         512  appgui.o(.bss)
    task_appGUI                              0x20000f04   Data         112  appgui.o(.bss)
    gui                                      0x20000f74   Data        2952  hmi_control.o(.bss)
    __libspace_start                         0x20001afc   Data          96  libspace.o(.bss)
    __temporary_stack_top$libspace           0x20001b5c   Data           0  libspace.o(.bss)



==============================================================================

Memory Map of the image

  Image Entry point : 0x08000185

  Load Region LR_IROM1 (Base: 0x08000000, Size: 0x00012afc, Max: 0x00100000, ABSOLUTE, COMPRESSED[0x000129f4])

    Execution Region ER_IROM1 (Base: 0x08000000, Size: 0x000126bc, Max: 0x00100000, ABSOLUTE)

    Base Addr    Size         Type   Attr      Idx    E Section Name        Object

    0x08000000   0x00000184   Data   RO          457    RESET               startup_stm32f2xx.o
    0x08000184   0x00000008   Code   RO         1143  * !!!main             c_w.l(__main.o)
    0x0800018c   0x00000034   Code   RO         1405    !!!scatter          c_w.l(__scatter.o)
    0x080001c0   0x0000005a   Code   RO         1403    !!dczerorl2         c_w.l(__dczerorl2.o)
    0x0800021a   0x00000002   PAD
    0x0800021c   0x0000001c   Code   RO         1407    !!handler_zi        c_w.l(__scatter_zi.o)
    0x08000238   0x00000002   Code   RO         1275    .ARM.Collect$$libinit$$00000000  c_w.l(libinit.o)
    0x0800023a   0x00000000   Code   RO         1281    .ARM.Collect$$libinit$$00000002  c_w.l(libinit2.o)
    0x0800023a   0x00000000   Code   RO         1284    .ARM.Collect$$libinit$$00000008  c_w.l(libinit2.o)
    0x0800023a   0x00000000   Code   RO         1286    .ARM.Collect$$libinit$$0000000A  c_w.l(libinit2.o)
    0x0800023a   0x00000000   Code   RO         1288    .ARM.Collect$$libinit$$0000000C  c_w.l(libinit2.o)
    0x0800023a   0x00000000   Code   RO         1291    .ARM.Collect$$libinit$$0000000F  c_w.l(libinit2.o)
    0x0800023a   0x00000000   Code   RO         1293    .ARM.Collect$$libinit$$00000011  c_w.l(libinit2.o)
    0x0800023a   0x00000000   Code   RO         1295    .ARM.Collect$$libinit$$00000013  c_w.l(libinit2.o)
    0x0800023a   0x00000000   Code   RO         1297    .ARM.Collect$$libinit$$00000015  c_w.l(libinit2.o)
    0x0800023a   0x00000000   Code   RO         1299    .ARM.Collect$$libinit$$00000017  c_w.l(libinit2.o)
    0x0800023a   0x00000000   Code   RO         1301    .ARM.Collect$$libinit$$00000019  c_w.l(libinit2.o)
    0x0800023a   0x00000000   Code   RO         1303    .ARM.Collect$$libinit$$0000001B  c_w.l(libinit2.o)
    0x0800023a   0x00000000   Code   RO         1305    .ARM.Collect$$libinit$$0000001D  c_w.l(libinit2.o)
    0x0800023a   0x00000000   Code   RO         1307    .ARM.Collect$$libinit$$0000001F  c_w.l(libinit2.o)
    0x0800023a   0x00000000   Code   RO         1309    .ARM.Collect$$libinit$$00000021  c_w.l(libinit2.o)
    0x0800023a   0x00000000   Code   RO         1311    .ARM.Collect$$libinit$$00000023  c_w.l(libinit2.o)
    0x0800023a   0x00000000   Code   RO         1315    .ARM.Collect$$libinit$$0000002A  c_w.l(libinit2.o)
    0x0800023a   0x00000000   Code   RO         1317    .ARM.Collect$$libinit$$0000002C  c_w.l(libinit2.o)
    0x0800023a   0x00000000   Code   RO         1319    .ARM.Collect$$libinit$$0000002E  c_w.l(libinit2.o)
    0x0800023a   0x00000000   Code   RO         1321    .ARM.Collect$$libinit$$00000030  c_w.l(libinit2.o)
    0x0800023a   0x00000002   Code   RO         1322    .ARM.Collect$$libinit$$00000031  c_w.l(libinit2.o)
    0x0800023c   0x00000002   Code   RO         1344    .ARM.Collect$$libshutdown$$00000000  c_w.l(libshutdown.o)
    0x0800023e   0x00000000   Code   RO         1358    .ARM.Collect$$libshutdown$$00000003  c_w.l(libshutdown2.o)
    0x0800023e   0x00000000   Code   RO         1361    .ARM.Collect$$libshutdown$$00000006  c_w.l(libshutdown2.o)
    0x0800023e   0x00000000   Code   RO         1364    .ARM.Collect$$libshutdown$$00000009  c_w.l(libshutdown2.o)
    0x0800023e   0x00000000   Code   RO         1366    .ARM.Collect$$libshutdown$$0000000B  c_w.l(libshutdown2.o)
    0x0800023e   0x00000000   Code   RO         1369    .ARM.Collect$$libshutdown$$0000000E  c_w.l(libshutdown2.o)
    0x0800023e   0x00000002   Code   RO         1370    .ARM.Collect$$libshutdown$$0000000F  c_w.l(libshutdown2.o)
    0x08000240   0x00000000   Code   RO         1201    .ARM.Collect$$rtentry$$00000000  c_w.l(rtentry.o)
    0x08000240   0x00000000   Code   RO         1232    .ARM.Collect$$rtentry$$00000002  c_w.l(rtentry2.o)
    0x08000240   0x00000006   Code   RO         1244    .ARM.Collect$$rtentry$$00000004  c_w.l(rtentry4.o)
    0x08000246   0x00000000   Code   RO         1234    .ARM.Collect$$rtentry$$00000009  c_w.l(rtentry2.o)
    0x08000246   0x00000004   Code   RO         1235    .ARM.Collect$$rtentry$$0000000A  c_w.l(rtentry2.o)
    0x0800024a   0x00000000   Code   RO         1237    .ARM.Collect$$rtentry$$0000000C  c_w.l(rtentry2.o)
    0x0800024a   0x00000008   Code   RO         1238    .ARM.Collect$$rtentry$$0000000D  c_w.l(rtentry2.o)
    0x08000252   0x00000002   Code   RO         1278    .ARM.Collect$$rtexit$$00000000  c_w.l(rtexit.o)
    0x08000254   0x00000000   Code   RO         1326    .ARM.Collect$$rtexit$$00000002  c_w.l(rtexit2.o)
    0x08000254   0x00000004   Code   RO         1327    .ARM.Collect$$rtexit$$00000003  c_w.l(rtexit2.o)
    0x08000258   0x00000006   Code   RO         1328    .ARM.Collect$$rtexit$$00000004  c_w.l(rtexit2.o)
    0x0800025e   0x00000002   PAD
    0x08000260   0x00000254   Code   RO            1    .text               tn.o
    0x080004b4   0x000003f8   Code   RO           68    .text               tn_mutex.o
    0x080008ac   0x000009b0   Code   RO           92    .text               tn_tasks.o
    0x0800125c   0x0000013a   Code   RO          105    .text               tn_utils.o
    0x08001396   0x00000002   PAD
    0x08001398   0x00000088   Code   RO          117    .text               tn_port_cm3.o
    0x08001420   0x000000d4   Code   RO          136    .text               tn_port_cm3_armcc.o
    0x080014f4   0x000000e4   Code   RO          140    .text               misc.o
    0x080015d8   0x000003a4   Code   RO          220    .text               stm32f2xx_dma.o
    0x0800197c   0x000004c8   Code   RO          232    .text               stm32f2xx_flash.o
    0x08001e44   0x0000061c   Code   RO          244    .text               stm32f2xx_fsmc.o
    0x08002460   0x0000025c   Code   RO          256    .text               stm32f2xx_gpio.o
    0x080026bc   0x00000040   Code   RO          268    .text               stm32f2xx_iwdg.o
    0x080026fc   0x00000588   Code   RO          280    .text               stm32f2xx_rcc.o
    0x08002c84   0x00000ca2   Code   RO          306    .text               stm32f2xx_tim.o
    0x08003926   0x00000002   PAD
    0x08003928   0x0000041a   Code   RO          318    .text               stm32f2xx_usart.o
    0x08003d42   0x00000002   PAD
    0x08003d44   0x00000b08   Code   RO          330    .text               stm32f2xx_rtc.o
    0x0800484c   0x00000470   Code   RO          342    .text               stm32f2xx_adc.o
    0x08004cbc   0x000000dc   Code   RO          390    .text               stm32f2xx_pwr.o
    0x08004d98   0x000003a4   Code   RO          402    .text               stm32f2xx_spi.o
    0x0800513c   0x000001e0   Code   RO          424    .text               system_stm32f2xx.o
    0x0800531c   0x00000040   Code   RO          458    .text               startup_stm32f2xx.o
    0x0800535c   0x000001e8   Code   RO          462    .text               lcdhal_universal.o
    0x08005544   0x00000494   Code   RO          538    .text               lcdhal_ili9320.o
    0x080059d8   0x00000522   Code   RO          551    .text               lcdhal_hx8347a.o
    0x08005efa   0x00000002   PAD
    0x08005efc   0x00000100   Code   RO          564    .text               ee_emul.o
    0x08005ffc   0x000002f4   Code   RO          585    .text               guicolor.o
    0x080062f0   0x000009c2   Code   RO          601    .text               guiprimitives.o
    0x08006cb2   0x00000002   PAD
    0x08006cb4   0x00000374   Code   RO          613    .text               guitext.o
    0x08007028   0x000003b4   Code   RO          625    .text               widget.o
    0x080073dc   0x00000232   Code   RO          649    .text               guichart.o
    0x0800760e   0x000002c8   Code   RO          661    .text               guicheckbox.o
    0x080078d6   0x000001b4   Code   RO          673    .text               guilabel.o
    0x08007a8a   0x00000566   Code   RO          685    .text               guiradiogroup.o
    0x08007ff0   0x00000006   Code   RO         1141    .text               c_w.l(heapauxi.o)
    0x08007ff6   0x00000002   PAD
    0x08007ff8   0x00000008   Code   RO         1249    .text               c_w.l(rt_errno_addr_intlibspace.o)
    0x08008000   0x00004000   Data   RO          565    .ARM.__AT_0x08008000  ee_emul.o
    0x0800c000   0x00000250   Code   RO          697    .text               guitextbutton.o
    0x0800c250   0x0000051c   Code   RO          709    .text               guitouchcalibration.o
    0x0800c76c   0x00000570   Code   RO          726    .text               guiupdownbox.o
    0x0800ccdc   0x000001f4   Code   RO          738    .text               beeper.o
    0x0800ced0   0x0000025c   Code   RO          763    .text               mkdriver_207z.o
    0x0800d12c   0x00000324   Code   RO          809    .text               ads7843_207z.o
    0x0800d450   0x0000001e   Code   RO          871    .text               main.o
    0x0800d46e   0x00000002   PAD
    0x0800d470   0x000001d0   Code   RO          914    .text               tn_user.o
    0x0800d640   0x000005e8   Code   RO          929    .text               hw_init.o
    0x0800dc28   0x0000006c   Code   RO         1021    .text               tn_task_usart.o
    0x0800dc94   0x0000006c   Code   RO         1040    .text               appgui.o
    0x0800dd00   0x00000390   Code   RO         1067    .text               hmi_control.o
    0x0800e090   0x00000268   Code   RO         1086    .text               winmain.o
    0x0800e2f8   0x000006c4   Code   RO         1103    .text               winuartcfg.o
    0x0800e9bc   0x00000500   Code   RO         1119    .text               winplot.o
    0x0800eebc   0x00000016   Code   RO         1202    .text               c_w.l(_rserrno.o)
    0x0800eed2   0x00000002   PAD
    0x0800eed4   0x00000008   Code   RO         1263    .text               c_w.l(libspace.o)
    0x0800eedc   0x0000004a   Code   RO         1266    .text               c_w.l(sys_stackheap_outer.o)
    0x0800ef26   0x0000000c   Code   RO         1268    .text               c_w.l(exit.o)
    0x0800ef32   0x00000002   PAD
    0x0800ef34   0x0000000c   Code   RO         1336    .text               c_w.l(sys_exit.o)
    0x0800ef40   0x00000002   Code   RO         1347    .text               c_w.l(use_no_semi.o)
    0x0800ef42   0x00000000   Code   RO         1349    .text               c_w.l(indicate_semi.o)
    0x0800ef42   0x00000002   PAD
    0x0800ef44   0x0000000a   Code   RO          868    HardwareInit        startup_hardware_init.o
    0x0800ef4e   0x00000028   Code   RO         1259    i.__ARM_fpclassify  m_ws.l(fpclassify.o)
    0x0800ef76   0x00000002   PAD
    0x0800ef78   0x00000388   Code   RO         1220    i.__ieee754_rem_pio2  m_ws.l(rred.o)
    0x0800f300   0x000000fc   Code   RO         1217    i.__kernel_cos      m_ws.l(cos_i.o)
    0x0800f3fc   0x000000aa   Code   RO         1261    i.__kernel_poly     m_ws.l(poly.o)
    0x0800f4a6   0x00000002   PAD
    0x0800f4a8   0x000000ec   Code   RO         1225    i.__kernel_sin      m_ws.l(sin_i.o)
    0x0800f594   0x00000010   Code   RO         1257    i.__mathlib_dbl_underflow  m_ws.l(dunder.o)
    0x0800f5a4   0x000000b0   Code   RO         1194    i.sin               m_ws.l(sin.o)
    0x0800f654   0x00000062   Code   RO         1145    x$fpl$d2f           fz_ws.l(d2f.o)
    0x0800f6b6   0x00000002   PAD
    0x0800f6b8   0x00000150   Code   RO         1147    x$fpl$dadd          fz_ws.l(daddsub_clz.o)
    0x0800f808   0x00000010   Code   RO         1251    x$fpl$dcheck1       fz_ws.l(dcheck1.o)
    0x0800f818   0x00000018   Code   RO         1204    x$fpl$dcmpinf       fz_ws.l(dcmpi.o)
    0x0800f830   0x000002b0   Code   RO         1154    x$fpl$ddiv          fz_ws.l(ddiv.o)
    0x0800fae0   0x0000005e   Code   RO         1253    x$fpl$dfix          fz_ws.l(dfix.o)
    0x0800fb3e   0x00000002   PAD
    0x0800fb40   0x0000005a   Code   RO         1157    x$fpl$dfixu         fz_ws.l(dfixu.o)
    0x0800fb9a   0x0000002e   Code   RO         1162    x$fpl$dflt          fz_ws.l(dflt_clz.o)
    0x0800fbc8   0x00000026   Code   RO         1161    x$fpl$dfltu         fz_ws.l(dflt_clz.o)
    0x0800fbee   0x00000002   PAD
    0x0800fbf0   0x00000078   Code   RO         1167    x$fpl$dleqf         fz_ws.l(dleqf.o)
    0x0800fc68   0x00000154   Code   RO         1169    x$fpl$dmul          fz_ws.l(dmul.o)
    0x0800fdbc   0x0000009c   Code   RO         1206    x$fpl$dnaninf       fz_ws.l(dnaninf.o)
    0x0800fe58   0x0000000c   Code   RO         1208    x$fpl$dretinf       fz_ws.l(dretinf.o)
    0x0800fe64   0x0000006c   Code   RO         1171    x$fpl$drleqf        fz_ws.l(drleqf.o)
    0x0800fed0   0x00000016   Code   RO         1148    x$fpl$drsb          fz_ws.l(daddsub_clz.o)
    0x0800fee6   0x00000002   PAD
    0x0800fee8   0x000001d4   Code   RO         1149    x$fpl$dsub          fz_ws.l(daddsub_clz.o)
    0x080100bc   0x00000056   Code   RO         1173    x$fpl$f2d           fz_ws.l(f2d.o)
    0x08010112   0x00000002   PAD
    0x08010114   0x000000c4   Code   RO         1175    x$fpl$fadd          fz_ws.l(faddsub_clz.o)
    0x080101d8   0x00000184   Code   RO         1182    x$fpl$fdiv          fz_ws.l(fdiv.o)
    0x0801035c   0x00000026   Code   RO         1185    x$fpl$ffltu         fz_ws.l(fflt_clz.o)
    0x08010382   0x00000002   PAD
    0x08010384   0x00000102   Code   RO         1191    x$fpl$fmul          fz_ws.l(fmul.o)
    0x08010486   0x0000008c   Code   RO         1210    x$fpl$fnaninf       fz_ws.l(fnaninf.o)
    0x08010512   0x0000000a   Code   RO         1212    x$fpl$fretinf       fz_ws.l(fretinf.o)
    0x0801051c   0x000000ea   Code   RO         1177    x$fpl$fsub          fz_ws.l(faddsub_clz.o)
    0x08010606   0x00000064   Code   RO         1276    x$fpl$retnan        fz_ws.l(retnan.o)
    0x0801066a   0x0000005c   Code   RO         1214    x$fpl$scalbn        fz_ws.l(scalbn.o)
    0x080106c6   0x00000030   Code   RO         1323    x$fpl$trapveneer    fz_ws.l(trapv.o)
    0x080106f6   0x00000000   Code   RO         1216    x$fpl$usenofp       fz_ws.l(usenofp.o)
    0x080106f6   0x00000010   Data   RO          711    .constdata          guitouchcalibration.o
    0x08010706   0x00001da8   Data   RO          827    .constdata          guifontsmin.o
    0x080124ae   0x00000002   PAD
    0x080124b0   0x00000030   Data   RO         1218    .constdata          m_ws.l(cos_i.o)
    0x080124e0   0x000000c8   Data   RO         1222    .constdata          m_ws.l(rred.o)
    0x080125a8   0x00000028   Data   RO         1226    .constdata          m_ws.l(sin_i.o)
    0x080125d0   0x0000004e   Data   RO         1088    .conststring        winmain.o
    0x0801261e   0x0000006c   Data   RO         1104    .conststring        winuartcfg.o
    0x0801268a   0x00000010   Data   RO         1120    .conststring        winplot.o
    0x0801269a   0x00000002   PAD
    0x0801269c   0x00000020   Data   RO         1401    Region$$Table       anon$$obj.o


    Execution Region RW_IRAM1 (Base: 0x20000000, Size: 0x00002160, Max: 0x00020000, ABSOLUTE, COMPRESSED[0x00000338])

    Base Addr    Size         Type   Attr      Idx    E Section Name        Object

    0x20000000   0x0000002c   Data   RW            3    .data               tn.o
    0x2000002c   0x00000010   Data   RW          281    .data               stm32f2xx_rcc.o
    0x2000003c   0x00000014   Data   RW          425    .data               system_stm32f2xx.o
    0x20000050   0x0000001c   Data   RW          463    .data               lcdhal_universal.o
    0x2000006c   0x00000010   Data   RW          587    .data               guicolor.o
    0x2000007c   0x0000001a   Data   RW          712    .data               guitouchcalibration.o
    0x20000096   0x00000002   PAD
    0x20000098   0x00000010   Data   RW          739    .data               beeper.o
    0x200000a8   0x00000008   Data   RW          810    .data               ads7843_207z.o
    0x200000b0   0x000002d0   Data   RW          828    .data               guifontsmin.o
    0x20000380   0x00000016   Data   RW          915    .data               tn_user.o
    0x20000396   0x00000002   PAD
    0x20000398   0x00000020   Data   RW         1023    .data               tn_task_usart.o
    0x200003b8   0x00000001   Data   RW         1069    .data               hmi_control.o
    0x200003b9   0x00000003   PAD
    0x200003bc   0x00000020   Data   RW         1089    .data               winmain.o
    0x200003dc   0x00000038   Data   RW         1105    .data               winuartcfg.o
    0x20000414   0x0000002c   Data   RW         1121    .data               winplot.o
    0x20000440   0x000003e0   Zero   RW            2    .bss                tn.o
    0x20000820   0x00000040   Zero   RW          586    .bss                guicolor.o
    0x20000860   0x00000014   Zero   RW          710    .bss                guitouchcalibration.o
    0x20000874   0x00000190   Zero   RW          930    .bss                hw_init.o
    0x20000a04   0x00000300   Zero   RW         1022    .bss                tn_task_usart.o
    0x20000d04   0x00000270   Zero   RW         1041    .bss                appgui.o
    0x20000f74   0x00000b88   Zero   RW         1068    .bss                hmi_control.o
    0x20001afc   0x00000060   Zero   RW         1264    .bss                c_w.l(libspace.o)
    0x20001b5c   0x00000004   PAD
    0x20001b60   0x00000200   Zero   RW          456    HEAP                startup_stm32f2xx.o
    0x20001d60   0x00000400   Zero   RW          455    STACK               startup_stm32f2xx.o


==============================================================================

Image component sizes


      Code (inc. data)   RO Data    RW Data    ZI Data      Debug   Object Name

       804         30          0          8          0       2936   ads7843_207z.o
       108          8          0          0        624       1162   appgui.o
       500         26          0         16          0       5988   beeper.o
       256          6      16384          0          0       1610   ee_emul.o
       562          0          0          0          0       1793   guichart.o
       712          0          0          0          0       2155   guicheckbox.o
       756         56          0         16         64       3017   guicolor.o
         0          0       7592        720          0       2076   guifontsmin.o
       436          0          0          0          0       1209   guilabel.o
      2498          0          0          0          0       7315   guiprimitives.o
      1382          0          0          0          0       3181   guiradiogroup.o
       884          6          0          0          0       3460   guitext.o
       592          0          0          0          0       2244   guitextbutton.o
      1308        118         16         26         20       2279   guitouchcalibration.o
      1392         18          0          0          0       3367   guiupdownbox.o
       912         32          0          1       2952       2272   hmi_control.o
      1512         56          0          0        400      20541   hw_init.o
      1314         14          0          0          0       3118   lcdhal_hx8347a.o
      1172         12          0          0          0       3204   lcdhal_ili9320.o
       488         82          0         28          0       9124   lcdhal_universal.o
        30          0          0          0          0       1407   main.o
       228         22          0          0          0     311625   misc.o
       604         26          0          0          0       2724   mkdriver_207z.o
        10          0          0          0          0        212   startup_hardware_init.o
        64         26        388          0       1536        788   startup_stm32f2xx.o
      1136         28          0          0          0      10242   stm32f2xx_adc.o
       932         32          0          0          0       6197   stm32f2xx_dma.o
      1224         24          0          0          0       6717   stm32f2xx_flash.o
      1564         58          0          0          0       5311   stm32f2xx_fsmc.o
       604         36          0          0          0       3869   stm32f2xx_gpio.o
        64          6          0          0          0       1245   stm32f2xx_iwdg.o
       220         20          0          0          0       2204   stm32f2xx_pwr.o
      1416         48          0         16          0      10783   stm32f2xx_rcc.o
      2824         36          0          0          0      11689   stm32f2xx_rtc.o
       932         22          0          0          0       6264   stm32f2xx_spi.o
      3234         60          0          0          0      22100   stm32f2xx_tim.o
      1050         26          0          0          0       7572   stm32f2xx_usart.o
       480         42          0         20          0       1623   system_stm32f2xx.o
       596         68          0         44        992       7896   tn.o
         0          0          0          0          0       4029   tn_dqueue.o
      1016         10          0          0          0       3368   tn_mutex.o
       136          6          0          0          0        660   tn_port_cm3.o
       212         20          0          0          0        340   tn_port_cm3_armcc.o
       108         16          0         32        768       1301   tn_task_usart.o
      2480         62          0          0          0       9030   tn_tasks.o
       464         60          0         22          0       3080   tn_user.o
       314          0          0          0          0       2890   tn_utils.o
       948          0          0          0          0       3339   widget.o
       616         16         78         32          0       1652   winmain.o
      1280         70         16         44          0       2437   winplot.o
      1732         40        108         56          0       2306   winuartcfg.o

    ----------------------------------------------------------------------
     44118       1344      24618       1088       7356     536951   Object Totals
         0          0         32          0          0          0   (incl. Generated)
        12          0          4          7          0          0   (incl. Padding)

    ----------------------------------------------------------------------

      Code (inc. data)   RO Data    RW Data    ZI Data      Debug   Library Member Name

        90          0          0          0          0          0   __dczerorl2.o
         8          0          0          0          0         68   __main.o
        52          8          0          0          0          0   __scatter.o
        28          0          0          0          0          0   __scatter_zi.o
        22          0          0          0          0        100   _rserrno.o
        12          0          0          0          0         72   exit.o
         6          0          0          0          0        152   heapauxi.o
         0          0          0          0          0          0   indicate_semi.o
         2          0          0          0          0          0   libinit.o
         2          0          0          0          0          0   libinit2.o
         2          0          0          0          0          0   libshutdown.o
         2          0          0          0          0          0   libshutdown2.o
         8          4          0          0         96         68   libspace.o
         8          4          0          0          0         68   rt_errno_addr_intlibspace.o
         0          0          0          0          0          0   rtentry.o
        12          0          0          0          0          0   rtentry2.o
         6          0          0          0          0          0   rtentry4.o
         2          0          0          0          0          0   rtexit.o
        10          0          0          0          0          0   rtexit2.o
        12          4          0          0          0         68   sys_exit.o
        74          0          0          0          0         80   sys_stackheap_outer.o
         2          0          0          0          0         68   use_no_semi.o
        98          4          0          0          0         92   d2f.o
       826         16          0          0          0        356   daddsub_clz.o
        16          4          0          0          0         68   dcheck1.o
        24          0          0          0          0         68   dcmpi.o
       688        140          0          0          0        212   ddiv.o
        94          4          0          0          0         92   dfix.o
        90          4          0          0          0         92   dfixu.o
        84          0          0          0          0        136   dflt_clz.o
       120          4          0          0          0         92   dleqf.o
       340         12          0          0          0        104   dmul.o
       156          4          0          0          0         92   dnaninf.o
        12          0          0          0          0         68   dretinf.o
       108          0          0          0          0         80   drleqf.o
        86          4          0          0          0         84   f2d.o
       430          8          0          0          0        168   faddsub_clz.o
       388         76          0          0          0         96   fdiv.o
        38          0          0          0          0         68   fflt_clz.o
       258          4          0          0          0         84   fmul.o
       140          4          0          0          0         84   fnaninf.o
        10          0          0          0          0         68   fretinf.o
       100          0          0          0          0         68   retnan.o
        92          0          0          0          0         68   scalbn.o
        48          0          0          0          0         68   trapv.o
         0          0          0          0          0          0   usenofp.o
       252         22         48          0          0        124   cos_i.o
        16          6          0          0          0         68   dunder.o
        40          0          0          0          0         68   fpclassify.o
       170          0          0          0          0         96   poly.o
       904         72        200          0          0        132   rred.o
       176         10          0          0          0        116   sin.o
       236         12         40          0          0        128   sin_i.o

    ----------------------------------------------------------------------
      6428        430        288          0        100       3884   Library Totals
        28          0          0          0          4          0   (incl. Padding)

    ----------------------------------------------------------------------

      Code (inc. data)   RO Data    RW Data    ZI Data      Debug   Library Name

       360         20          0          0         96        744   c_w.l
      4246        288          0          0          0       2408   fz_ws.l
      1794        122        288          0          0        732   m_ws.l

    ----------------------------------------------------------------------
      6428        430        288          0        100       3884   Library Totals

    ----------------------------------------------------------------------

==============================================================================


      Code (inc. data)   RO Data    RW Data    ZI Data      Debug   

     50546       1774      24906       1088       7456     533919   Grand Totals
     50546       1774      24906        824       7456     533919   ELF Image Totals (compressed)
     50546       1774      24906        824          0          0   ROM Totals

==============================================================================

    Total RO  Size (Code + RO Data)                75452 (  73.68kB)
    Total RW  Size (RW Data + ZI Data)              8544 (   8.34kB)
    Total ROM Size (Code + RO Data + RW Data)      76276 (  74.49kB)

==============================================================================

